Component: ARM Compiler 6.15 Tool: armlink [5dd79300]

==============================================================================

Section Cross References

    clocks_and_modes.o(.ARM.exidx.text.SOSC_init_8MHz) refers to clocks_and_modes.o(.text.SOSC_init_8MHz) for [Anonymous Symbol]
    clocks_and_modes.o(.ARM.exidx.text.SPLL_init_160MHz) refers to clocks_and_modes.o(.text.SPLL_init_160MHz) for [Anonymous Symbol]
    clocks_and_modes.o(.ARM.exidx.text.NormalRUNmode_80MHz) refers to clocks_and_modes.o(.text.NormalRUNmode_80MHz) for [Anonymous Symbol]
    tp.o(.ARM.exidx.text.PORT_init) refers to tp.o(.text.PORT_init) for [Anonymous Symbol]
    tp.o(.ARM.exidx.text.WDOG_disable) refers to tp.o(.text.WDOG_disable) for [Anonymous Symbol]
    tp.o(.ARM.exidx.text.LPIT0_init) refers to tp.o(.text.LPIT0_init) for [Anonymous Symbol]
    tp.o(.text.delay_ms) refers to tp.o(.text.LPIT0_init) for LPIT0_init
    tp.o(.text.delay_ms) refers to tp.o(.bss.lpit0_ch0_flag_counter) for lpit0_ch0_flag_counter
    tp.o(.ARM.exidx.text.delay_ms) refers to tp.o(.text.delay_ms) for [Anonymous Symbol]
    tp.o(.ARM.exidx.text.NVIC_init_IRQs) refers to tp.o(.text.NVIC_init_IRQs) for [Anonymous Symbol]
    tp.o(.text.PORTC_IRQHandler) refers to tp.o(.text.delay_ms) for delay_ms
    tp.o(.text.PORTC_IRQHandler) refers to tp.o(.bss.num4) for num4
    tp.o(.text.PORTC_IRQHandler) refers to tp.o(.bss.wait) for wait
    tp.o(.ARM.exidx.text.PORTC_IRQHandler) refers to tp.o(.text.PORTC_IRQHandler) for [Anonymous Symbol]
    tp.o(.ARM.exidx.text.LPUART0_init) refers to tp.o(.text.LPUART0_init) for [Anonymous Symbol]
    tp.o(.ARM.exidx.text.LPUART0_transmit_char) refers to tp.o(.text.LPUART0_transmit_char) for [Anonymous Symbol]
    tp.o(.text.LPUART0_transmit_string) refers to tp.o(.text.LPUART0_transmit_char) for LPUART0_transmit_char
    tp.o(.ARM.exidx.text.LPUART0_transmit_string) refers to tp.o(.text.LPUART0_transmit_string) for [Anonymous Symbol]
    tp.o(.ARM.exidx.text.LPUART0_receive_char) refers to tp.o(.text.LPUART0_receive_char) for [Anonymous Symbol]
    tp.o(.text.fnd_fail) refers to tp.o(.bss.j) for j
    tp.o(.text.fnd_fail) refers to tp.o(.data.FND_SEL) for FND_SEL
    tp.o(.text.fnd_fail) refers to tp.o(.data.FND_ENG) for FND_ENG
    tp.o(.text.fnd_fail) refers to tp.o(.bss.Dtime) for Dtime
    tp.o(.text.fnd_fail) refers to tp.o(.text.delay_ms) for delay_ms
    tp.o(.ARM.exidx.text.fnd_fail) refers to tp.o(.text.fnd_fail) for [Anonymous Symbol]
    tp.o(.text.fnd_open) refers to tp.o(.bss.j) for j
    tp.o(.text.fnd_open) refers to tp.o(.data.FND_SEL) for FND_SEL
    tp.o(.text.fnd_open) refers to tp.o(.data.FND_ENG) for FND_ENG
    tp.o(.text.fnd_open) refers to tp.o(.bss.Dtime) for Dtime
    tp.o(.text.fnd_open) refers to tp.o(.text.delay_ms) for delay_ms
    tp.o(.ARM.exidx.text.fnd_open) refers to tp.o(.text.fnd_open) for [Anonymous Symbol]
    tp.o(.text.fnd_mode) refers to tp.o(.bss.j) for j
    tp.o(.text.fnd_mode) refers to tp.o(.data.FND_SEL) for FND_SEL
    tp.o(.text.fnd_mode) refers to tp.o(.data.FND_ENG) for FND_ENG
    tp.o(.text.fnd_mode) refers to tp.o(.bss.Dtime) for Dtime
    tp.o(.text.fnd_mode) refers to tp.o(.text.delay_ms) for delay_ms
    tp.o(.ARM.exidx.text.fnd_mode) refers to tp.o(.text.fnd_mode) for [Anonymous Symbol]
    tp.o(.text.fnd_wait) refers to tp.o(.bss.j) for j
    tp.o(.text.fnd_wait) refers to tp.o(.data.FND_SEL) for FND_SEL
    tp.o(.text.fnd_wait) refers to tp.o(.data.FND_ENG) for FND_ENG
    tp.o(.text.fnd_wait) refers to tp.o(.bss.Dtime) for Dtime
    tp.o(.text.fnd_wait) refers to tp.o(.text.delay_ms) for delay_ms
    tp.o(.ARM.exidx.text.fnd_wait) refers to tp.o(.text.fnd_wait) for [Anonymous Symbol]
    tp.o(.text.fnd_sucess) refers to tp.o(.rodata..L__const.fnd_sucess.FND_SUCDATA) for .L__const.fnd_sucess.FND_SUCDATA
    tp.o(.text.fnd_sucess) refers to tp.o(.data.FND_SEL) for FND_SEL
    tp.o(.text.fnd_sucess) refers to tp.o(.text.delay_ms) for delay_ms
    tp.o(.ARM.exidx.text.fnd_sucess) refers to tp.o(.text.fnd_sucess) for [Anonymous Symbol]
    tp.o(.text.FND_select) refers to tp.o(.bss.num3) for num3
    tp.o(.text.FND_select) refers to tp.o(.bss.num2) for num2
    tp.o(.text.FND_select) refers to tp.o(.bss.num1) for num1
    tp.o(.text.FND_select) refers to tp.o(.bss.num0) for num0
    tp.o(.text.FND_select) refers to tp.o(.bss.j) for j
    tp.o(.text.FND_select) refers to tp.o(.data.FND_SEL) for FND_SEL
    tp.o(.text.FND_select) refers to tp.o(.data.FND_DATA) for FND_DATA
    tp.o(.text.FND_select) refers to tp.o(.bss.Dtime) for Dtime
    tp.o(.text.FND_select) refers to tp.o(.text.delay_ms) for delay_ms
    tp.o(.ARM.exidx.text.FND_select) refers to tp.o(.text.FND_select) for [Anonymous Symbol]
    tp.o(.text.use_uart) refers to lpuart.o(.text.LPUART1_transmit_char) for LPUART1_transmit_char
    tp.o(.text.use_uart) refers to lpuart.o(.text.LPUART1_receive_and_echo_char) for LPUART1_receive_and_echo_char
    tp.o(.text.use_uart) refers to tp.o(.bss.number) for number
    tp.o(.text.use_uart) refers to tp.o(.bss.mode) for mode
    tp.o(.text.use_uart) refers to tp.o(.bss.uart1) for uart1
    tp.o(.text.use_uart) refers to tp.o(.rodata.str1.1) for .L.str
    tp.o(.ARM.exidx.text.use_uart) refers to tp.o(.text.use_uart) for [Anonymous Symbol]
    tp.o(.text.main) refers to tp.o(.text.WDOG_disable) for WDOG_disable
    tp.o(.text.main) refers to clocks_and_modes.o(.text.SOSC_init_8MHz) for SOSC_init_8MHz
    tp.o(.text.main) refers to clocks_and_modes.o(.text.SPLL_init_160MHz) for SPLL_init_160MHz
    tp.o(.text.main) refers to clocks_and_modes.o(.text.NormalRUNmode_80MHz) for NormalRUNmode_80MHz
    tp.o(.text.main) refers to system_s32k144.o(.text.SystemCoreClockUpdate) for SystemCoreClockUpdate
    tp.o(.text.main) refers to tp.o(.text.NVIC_init_IRQs) for NVIC_init_IRQs
    tp.o(.text.main) refers to tp.o(.text.PORT_init) for PORT_init
    tp.o(.text.main) refers to tp.o(.text.LPUART0_init) for LPUART0_init
    tp.o(.text.main) refers to lpuart.o(.text.LPUART1_init) for LPUART1_init
    tp.o(.text.main) refers to tp.o(.bss.Dtime) for Dtime
    tp.o(.text.main) refers to tp.o(.bss.wait) for wait
    tp.o(.text.main) refers to tp.o(.bss.pw1) for pw1
    tp.o(.text.main) refers to tp.o(.bss.uart1) for uart1
    tp.o(.text.main) refers to tp.o(.bss.mode) for mode
    tp.o(.text.main) refers to tp.o(.data.pw) for pw
    tp.o(.text.main) refers to tp.o(.bss.pw2) for pw2
    tp.o(.text.main) refers to tp.o(.data.money) for money
    tp.o(.text.main) refers to tp.o(.text.fnd_wait) for fnd_wait
    tp.o(.text.main) refers to tp.o(.bss.number) for number
    tp.o(.text.main) refers to tp.o(.text.use_uart) for use_uart
    tp.o(.text.main) refers to tp.o(.text.fnd_fail) for fnd_fail
    tp.o(.text.main) refers to tp.o(.text.fnd_sucess) for fnd_sucess
    tp.o(.text.main) refers to tp.o(.text.FND_select) for FND_select
    tp.o(.ARM.exidx.text.main) refers to tp.o(.text.main) for [Anonymous Symbol]
    lpuart.o(.ARM.exidx.text.LPUART1_init) refers to lpuart.o(.text.LPUART1_init) for [Anonymous Symbol]
    lpuart.o(.ARM.exidx.text.LPUART1_transmit_char) refers to lpuart.o(.text.LPUART1_transmit_char) for [Anonymous Symbol]
    lpuart.o(.text.LPUART1_transmit_string) refers to lpuart.o(.text.LPUART1_transmit_char) for LPUART1_transmit_char
    lpuart.o(.ARM.exidx.text.LPUART1_transmit_string) refers to lpuart.o(.text.LPUART1_transmit_string) for [Anonymous Symbol]
    lpuart.o(.ARM.exidx.text.LPUART1_receive_char) refers to lpuart.o(.text.LPUART1_receive_char) for [Anonymous Symbol]
    lpuart.o(.text.LPUART1_receive_and_echo_char) refers to lpuart.o(.text.LPUART1_receive_char) for LPUART1_receive_char
    lpuart.o(.text.LPUART1_receive_and_echo_char) refers to lpuart.o(.text.LPUART1_transmit_char) for LPUART1_transmit_char
    lpuart.o(.ARM.exidx.text.LPUART1_receive_and_echo_char) refers to lpuart.o(.text.LPUART1_receive_and_echo_char) for [Anonymous Symbol]
    startup.o(.text.init_data_bss) refers to startup_s32k144.o(.text) for __VECTOR_ROM
    startup.o(.ARM.exidx.text.init_data_bss) refers to startup.o(.text.init_data_bss) for [Anonymous Symbol]
    startup_s32k144.o(.text) refers (Special) to tp.o(.text.main) for main
    startup_s32k144.o(.text) refers to startup_s32k144.o(FlashConfig) for FlashConfig
    startup_s32k144.o(.text) refers to startup_s32k144.o(RESET) for __Vectors
    startup_s32k144.o(.text) refers to system_s32k144.o(.text.SystemInit) for SystemInit
    startup_s32k144.o(.text) refers to startup.o(.text.init_data_bss) for init_data_bss
    startup_s32k144.o(.text) refers to __main.o(!!!main) for __main
    startup_s32k144.o(RESET) refers (Special) to tp.o(.text.main) for main
    startup_s32k144.o(RESET) refers to startup_s32k144.o(.text) for Reset_Handler
    startup_s32k144.o(RESET) refers to tp.o(.text.PORTC_IRQHandler) for PORTC_IRQHandler
    startup_s32k144.o(FlashConfig) refers (Special) to tp.o(.text.main) for main
    system_s32k144.o(.ARM.exidx.text.SystemInit) refers to system_s32k144.o(.text.SystemInit) for [Anonymous Symbol]
    system_s32k144.o(.text.SystemCoreClockUpdate) refers to system_s32k144.o(.data.SystemCoreClock) for SystemCoreClock
    system_s32k144.o(.ARM.exidx.text.SystemCoreClockUpdate) refers to system_s32k144.o(.text.SystemCoreClockUpdate) for [Anonymous Symbol]
    system_s32k144.o(.ARM.exidx.text.SystemSoftwareReset) refers to system_s32k144.o(.text.SystemSoftwareReset) for [Anonymous Symbol]
    __main.o(!!!main) refers to __rtentry.o(.ARM.Collect$$rtentry$$00000000) for __rt_entry
    __rtentry.o(.ARM.Collect$$rtentry$$00000000) refers (Special) to __rtentry2.o(.ARM.Collect$$rtentry$$0000000A) for __rt_entry_li
    __rtentry.o(.ARM.Collect$$rtentry$$00000000) refers (Special) to __rtentry2.o(.ARM.Collect$$rtentry$$0000000D) for __rt_entry_main
    __rtentry.o(.ARM.Collect$$rtentry$$00000000) refers (Special) to __rtentry2.o(.ARM.Collect$$rtentry$$0000000C) for __rt_entry_postli_1
    __rtentry.o(.ARM.Collect$$rtentry$$00000000) refers (Special) to __rtentry2.o(.ARM.Collect$$rtentry$$00000009) for __rt_entry_postsh_1
    __rtentry.o(.ARM.Collect$$rtentry$$00000000) refers (Special) to __rtentry2.o(.ARM.Collect$$rtentry$$00000002) for __rt_entry_presh_1
    __rtentry.o(.ARM.Collect$$rtentry$$00000000) refers (Special) to __rtentry7.o(.ARM.Collect$$rtentry$$00000007) for __rt_entry_sh
    __rtentry2.o(.ARM.Collect$$rtentry$$00000008) refers to boardinit2.o(.text) for _platform_post_stackheap_init
    __rtentry2.o(.ARM.Collect$$rtentry$$0000000A) refers to libinit.o(.ARM.Collect$$libinit$$00000000) for __rt_lib_init
    __rtentry2.o(.ARM.Collect$$rtentry$$0000000B) refers to boardinit3.o(.text) for _platform_post_lib_init
    __rtentry2.o(.ARM.Collect$$rtentry$$0000000D) refers to tp.o(.text.main) for main
    __rtentry2.o(.ARM.Collect$$rtentry$$0000000D) refers to exit.o(.text) for exit
    __rtentry2.o(.ARM.exidx) refers to __rtentry2.o(.ARM.Collect$$rtentry$$00000001) for .ARM.Collect$$rtentry$$00000001
    __rtentry2.o(.ARM.exidx) refers to __rtentry2.o(.ARM.Collect$$rtentry$$00000008) for .ARM.Collect$$rtentry$$00000008
    __rtentry2.o(.ARM.exidx) refers to __rtentry2.o(.ARM.Collect$$rtentry$$0000000A) for .ARM.Collect$$rtentry$$0000000A
    __rtentry2.o(.ARM.exidx) refers to __rtentry2.o(.ARM.Collect$$rtentry$$0000000B) for .ARM.Collect$$rtentry$$0000000B
    __rtentry2.o(.ARM.exidx) refers to __rtentry2.o(.ARM.Collect$$rtentry$$0000000D) for .ARM.Collect$$rtentry$$0000000D
    __rtentry4.o(.ARM.Collect$$rtentry$$00000004) refers to sys_stackheap_outer.o(.text) for __user_setup_stackheap
    __rtentry4.o(.ARM.exidx) refers to __rtentry4.o(.ARM.Collect$$rtentry$$00000004) for .ARM.Collect$$rtentry$$00000004
    __rtentry7.o(.ARM.Collect$$rtentry$$00000007) refers to __rtentry7.o(.ARM.Collect$$rtentry$$00002718) for __lit__00000000
    __rtentry7.o(__vectab_stack_and_reset_2_area) refers to __main.o(!!!main) for __main
    __rtentry7.o(.ARM.exidx) refers to __rtentry7.o(.ARM.Collect$$rtentry$$00000007) for .ARM.Collect$$rtentry$$00000007
    __rtentry7.o(.ARM.exidx) refers to __rtentry7.o(.ARM.Collect$$rtentry$$00002718) for .ARM.Collect$$rtentry$$00002718
    sys_stackheap_outer.o(.text) refers to libspace.o(.text) for __user_perproc_libspace
    sys_stackheap_outer.o(.text) refers to sys_stackheap.o(.text) for __user_initial_stackheap
    exit.o(.text) refers to rtexit.o(.ARM.Collect$$rtexit$$00000000) for __rt_exit
    libinit.o(.ARM.Collect$$libinit$$00000000) refers (Special) to libinit2.o(.ARM.Collect$$libinit$$0000002E) for __rt_lib_init_alloca_1
    libinit.o(.ARM.Collect$$libinit$$00000000) refers (Special) to libinit2.o(.ARM.Collect$$libinit$$0000002C) for __rt_lib_init_argv_1
    libinit.o(.ARM.Collect$$libinit$$00000000) refers (Special) to libinit2.o(.ARM.Collect$$libinit$$0000001B) for __rt_lib_init_atexit_1
    libinit.o(.ARM.Collect$$libinit$$00000000) refers (Special) to libinit2.o(.ARM.Collect$$libinit$$00000021) for __rt_lib_init_clock_1
    libinit.o(.ARM.Collect$$libinit$$00000000) refers (Special) to libinit2.o(.ARM.Collect$$libinit$$00000032) for __rt_lib_init_cpp_1
    libinit.o(.ARM.Collect$$libinit$$00000000) refers (Special) to libinit2.o(.ARM.Collect$$libinit$$00000030) for __rt_lib_init_exceptions_1
    libinit.o(.ARM.Collect$$libinit$$00000000) refers (Special) to libinit2.o(.ARM.Collect$$libinit$$00000001) for __rt_lib_init_fp_1
    libinit.o(.ARM.Collect$$libinit$$00000000) refers (Special) to libinit2.o(.ARM.Collect$$libinit$$0000001F) for __rt_lib_init_fp_trap_1
    libinit.o(.ARM.Collect$$libinit$$00000000) refers (Special) to libinit2.o(.ARM.Collect$$libinit$$00000023) for __rt_lib_init_getenv_1
    libinit.o(.ARM.Collect$$libinit$$00000000) refers (Special) to libinit2.o(.ARM.Collect$$libinit$$0000000A) for __rt_lib_init_heap_1
    libinit.o(.ARM.Collect$$libinit$$00000000) refers (Special) to libinit2.o(.ARM.Collect$$libinit$$00000011) for __rt_lib_init_lc_collate_1
    libinit.o(.ARM.Collect$$libinit$$00000000) refers (Special) to libinit2.o(.ARM.Collect$$libinit$$00000013) for __rt_lib_init_lc_ctype_1
    libinit.o(.ARM.Collect$$libinit$$00000000) refers (Special) to libinit2.o(.ARM.Collect$$libinit$$00000015) for __rt_lib_init_lc_monetary_1
    libinit.o(.ARM.Collect$$libinit$$00000000) refers (Special) to libinit2.o(.ARM.Collect$$libinit$$00000017) for __rt_lib_init_lc_numeric_1
    libinit.o(.ARM.Collect$$libinit$$00000000) refers (Special) to libinit2.o(.ARM.Collect$$libinit$$00000019) for __rt_lib_init_lc_time_1
    libinit.o(.ARM.Collect$$libinit$$00000000) refers (Special) to libinit2.o(.ARM.Collect$$libinit$$00000004) for __rt_lib_init_preinit_1
    libinit.o(.ARM.Collect$$libinit$$00000000) refers (Special) to libinit2.o(.ARM.Collect$$libinit$$0000000E) for __rt_lib_init_rand_1
    libinit.o(.ARM.Collect$$libinit$$00000000) refers (Special) to libinit2.o(.ARM.Collect$$libinit$$00000033) for __rt_lib_init_return
    libinit.o(.ARM.Collect$$libinit$$00000000) refers (Special) to libinit2.o(.ARM.Collect$$libinit$$0000001D) for __rt_lib_init_signal_1
    libinit.o(.ARM.Collect$$libinit$$00000000) refers (Special) to libinit2.o(.ARM.Collect$$libinit$$00000025) for __rt_lib_init_stdio_1
    libinit.o(.ARM.Collect$$libinit$$00000000) refers (Special) to libinit2.o(.ARM.Collect$$libinit$$0000000C) for __rt_lib_init_user_alloc_1
    libspace.o(.text) refers to libspace.o(.bss) for __libspace_start
    sys_stackheap.o(.text) refers (Special) to indicate_semi.o(.text) for __semihosting_library_function
    sys_stackheap.o(.text) refers to use_no_semi.o(.text) for __I$use$semihosting
    sys_stackheap_hlt.o(.text) refers (Special) to indicate_semi.o(.text) for __semihosting_library_function
    sys_stackheap_hlt.o(.text) refers to use_no_semi.o(.text) for __I$use$semihosting
    rtexit.o(.ARM.Collect$$rtexit$$00000000) refers (Special) to rtexit2.o(.ARM.Collect$$rtexit$$00000004) for __rt_exit_exit
    rtexit.o(.ARM.Collect$$rtexit$$00000000) refers (Special) to rtexit2.o(.ARM.Collect$$rtexit$$00000003) for __rt_exit_ls
    rtexit.o(.ARM.Collect$$rtexit$$00000000) refers (Special) to rtexit2.o(.ARM.Collect$$rtexit$$00000002) for __rt_exit_prels_1
    rtexit.o(.ARM.exidx) refers (Special) to rtexit2.o(.ARM.Collect$$rtexit$$00000004) for __rt_exit_exit
    rtexit.o(.ARM.exidx) refers (Special) to rtexit2.o(.ARM.Collect$$rtexit$$00000003) for __rt_exit_ls
    rtexit.o(.ARM.exidx) refers (Special) to rtexit2.o(.ARM.Collect$$rtexit$$00000002) for __rt_exit_prels_1
    rtexit.o(.ARM.exidx) refers to rtexit.o(.ARM.Collect$$rtexit$$00000000) for .ARM.Collect$$rtexit$$00000000
    libinit2.o(.ARM.Collect$$libinit$$00000001) refers to fpinit.o(x$fpl$fpinit) for _fp_init
    libinit2.o(.ARM.Collect$$libinit$$00000010) refers to libinit2.o(.ARM.Collect$$libinit$$0000000F) for .ARM.Collect$$libinit$$0000000F
    libinit2.o(.ARM.Collect$$libinit$$00000012) refers to libinit2.o(.ARM.Collect$$libinit$$0000000F) for .ARM.Collect$$libinit$$0000000F
    libinit2.o(.ARM.Collect$$libinit$$00000014) refers to libinit2.o(.ARM.Collect$$libinit$$0000000F) for .ARM.Collect$$libinit$$0000000F
    libinit2.o(.ARM.Collect$$libinit$$00000016) refers to libinit2.o(.ARM.Collect$$libinit$$0000000F) for .ARM.Collect$$libinit$$0000000F
    libinit2.o(.ARM.Collect$$libinit$$00000018) refers to libinit2.o(.ARM.Collect$$libinit$$0000000F) for .ARM.Collect$$libinit$$0000000F
    libinit2.o(.ARM.Collect$$libinit$$00000026) refers to argv_veneer.o(.emb_text) for __ARM_argv_veneer
    libinit2.o(.ARM.Collect$$libinit$$00000027) refers to argv_veneer.o(.emb_text) for __ARM_argv_veneer
    libinit5.o(.ARM.Collect$$libinit$$00000008) refers to libinit5.o(.ARM.Collect$$libinit$$00002719) for __lit__00000000
    libinit5.o(.ARM.Collect$$libinit$$0000002A) refers to libinit5.o(.ARM.Collect$$libinit$$0000273B) for __lit__00000002
    libinit5.o(.ARM.Collect$$libinit$$0000002A) refers to argv_veneer.o(.emb_text) for __ARM_argv_veneer
    rtexit2.o(.ARM.Collect$$rtexit$$00000003) refers to libshutdown.o(.ARM.Collect$$libshutdown$$00000000) for __rt_lib_shutdown
    rtexit2.o(.ARM.Collect$$rtexit$$00000004) refers to sys_exit.o(.text) for _sys_exit
    rtexit2.o(.ARM.exidx) refers to rtexit2.o(.ARM.Collect$$rtexit$$00000001) for .ARM.Collect$$rtexit$$00000001
    rtexit2.o(.ARM.exidx) refers to rtexit2.o(.ARM.Collect$$rtexit$$00000003) for .ARM.Collect$$rtexit$$00000003
    rtexit2.o(.ARM.exidx) refers to rtexit2.o(.ARM.Collect$$rtexit$$00000004) for .ARM.Collect$$rtexit$$00000004
    argv_veneer.o(.emb_text) refers to no_argv.o(.text) for __ARM_get_argv
    sys_exit.o(.text) refers (Special) to use_no_semi.o(.text) for __I$use$semihosting
    sys_exit.o(.text) refers (Special) to indicate_semi.o(.text) for __semihosting_library_function
    sys_exit_hlt.o(.text) refers (Special) to use_no_semi.o(.text) for __I$use$semihosting
    sys_exit_hlt.o(.text) refers (Special) to indicate_semi.o(.text) for __semihosting_library_function
    _get_argv_nomalloc.o(.text) refers (Special) to hrguard.o(.text) for __heap_region$guard
    _get_argv_nomalloc.o(.text) refers to defsig_rtmem_outer.o(.text) for __rt_SIGRTMEM
    _get_argv_nomalloc.o(.text) refers to sys_command.o(.text) for _sys_command_string
    libshutdown.o(.ARM.Collect$$libshutdown$$00000000) refers (Special) to libshutdown2.o(.ARM.Collect$$libshutdown$$00000002) for __rt_lib_shutdown_cpp_1
    libshutdown.o(.ARM.Collect$$libshutdown$$00000000) refers (Special) to libshutdown2.o(.ARM.Collect$$libshutdown$$00000007) for __rt_lib_shutdown_fp_trap_1
    libshutdown.o(.ARM.Collect$$libshutdown$$00000000) refers (Special) to libshutdown2.o(.ARM.Collect$$libshutdown$$0000000F) for __rt_lib_shutdown_heap_1
    libshutdown.o(.ARM.Collect$$libshutdown$$00000000) refers (Special) to libshutdown2.o(.ARM.Collect$$libshutdown$$00000010) for __rt_lib_shutdown_return
    libshutdown.o(.ARM.Collect$$libshutdown$$00000000) refers (Special) to libshutdown2.o(.ARM.Collect$$libshutdown$$0000000A) for __rt_lib_shutdown_signal_1
    libshutdown.o(.ARM.Collect$$libshutdown$$00000000) refers (Special) to libshutdown2.o(.ARM.Collect$$libshutdown$$00000004) for __rt_lib_shutdown_stdio_1
    libshutdown.o(.ARM.Collect$$libshutdown$$00000000) refers (Special) to libshutdown2.o(.ARM.Collect$$libshutdown$$0000000C) for __rt_lib_shutdown_user_alloc_1
    sys_command.o(.text) refers (Special) to use_no_semi.o(.text) for __I$use$semihosting
    sys_command.o(.text) refers (Special) to indicate_semi.o(.text) for __semihosting_library_function
    sys_command_hlt.o(.text) refers (Special) to use_no_semi.o(.text) for __I$use$semihosting
    sys_command_hlt.o(.text) refers (Special) to indicate_semi.o(.text) for __semihosting_library_function
    defsig_rtmem_outer.o(.text) refers to defsig_rtmem_inner.o(.text) for __rt_SIGRTMEM_inner
    defsig_rtmem_outer.o(.text) refers to defsig_exit.o(.text) for __sig_exit
    defsig_rtmem_formal.o(.text) refers to rt_raise.o(.text) for __rt_raise
    rt_raise.o(.text) refers to __raise.o(.text) for __raise
    rt_raise.o(.text) refers to sys_exit.o(.text) for _sys_exit
    defsig_exit.o(.text) refers to sys_exit.o(.text) for _sys_exit
    defsig_rtmem_inner.o(.text) refers to defsig_general.o(.text) for __default_signal_display
    __raise.o(.text) refers to defsig.o(CL$$defsig) for __default_signal_handler
    defsig_general.o(.text) refers to sys_wrch.o(.text) for _ttywrch
    sys_wrch.o(.text) refers (Special) to use_no_semi.o(.text) for __I$use$semihosting
    sys_wrch.o(.text) refers (Special) to indicate_semi.o(.text) for __semihosting_library_function
    sys_wrch_hlt.o(.text) refers (Special) to use_no_semi.o(.text) for __I$use$semihosting
    sys_wrch_hlt.o(.text) refers (Special) to indicate_semi.o(.text) for __semihosting_library_function
    defsig.o(CL$$defsig) refers to defsig_rtmem_inner.o(.text) for __rt_SIGRTMEM_inner
    defsig_abrt_inner.o(.text) refers to defsig_general.o(.text) for __default_signal_display
    defsig_fpe_inner.o(.text) refers to defsig_general.o(.text) for __default_signal_display
    defsig_rtred_inner.o(.text) refers to defsig_general.o(.text) for __default_signal_display
    defsig_stak_inner.o(.text) refers to defsig_general.o(.text) for __default_signal_display
    defsig_pvfn_inner.o(.text) refers to defsig_general.o(.text) for __default_signal_display
    defsig_cppl_inner.o(.text) refers to defsig_general.o(.text) for __default_signal_display
    defsig_segv_inner.o(.text) refers to defsig_general.o(.text) for __default_signal_display
    defsig_other.o(.text) refers to defsig_general.o(.text) for __default_signal_display


==============================================================================

Removing Unused input sections from the image.

    Removing clocks_and_modes.o(.text), (0 bytes).
    Removing clocks_and_modes.o(.ARM.exidx.text.SOSC_init_8MHz), (8 bytes).
    Removing clocks_and_modes.o(.ARM.exidx.text.SPLL_init_160MHz), (8 bytes).
    Removing clocks_and_modes.o(.ARM.exidx.text.NormalRUNmode_80MHz), (8 bytes).
    Removing tp.o(.text), (0 bytes).
    Removing tp.o(.ARM.exidx.text.PORT_init), (8 bytes).
    Removing tp.o(.ARM.exidx.text.WDOG_disable), (8 bytes).
    Removing tp.o(.ARM.exidx.text.LPIT0_init), (8 bytes).
    Removing tp.o(.ARM.exidx.text.delay_ms), (8 bytes).
    Removing tp.o(.ARM.exidx.text.NVIC_init_IRQs), (8 bytes).
    Removing tp.o(.ARM.exidx.text.PORTC_IRQHandler), (8 bytes).
    Removing tp.o(.ARM.exidx.text.LPUART0_init), (8 bytes).
    Removing tp.o(.text.LPUART0_transmit_char), (18 bytes).
    Removing tp.o(.ARM.exidx.text.LPUART0_transmit_char), (8 bytes).
    Removing tp.o(.text.LPUART0_transmit_string), (28 bytes).
    Removing tp.o(.ARM.exidx.text.LPUART0_transmit_string), (8 bytes).
    Removing tp.o(.text.LPUART0_receive_char), (20 bytes).
    Removing tp.o(.ARM.exidx.text.LPUART0_receive_char), (8 bytes).
    Removing tp.o(.ARM.exidx.text.fnd_fail), (8 bytes).
    Removing tp.o(.text.fnd_open), (214 bytes).
    Removing tp.o(.ARM.exidx.text.fnd_open), (8 bytes).
    Removing tp.o(.text.fnd_mode), (214 bytes).
    Removing tp.o(.ARM.exidx.text.fnd_mode), (8 bytes).
    Removing tp.o(.ARM.exidx.text.fnd_wait), (8 bytes).
    Removing tp.o(.ARM.exidx.text.fnd_sucess), (8 bytes).
    Removing tp.o(.ARM.exidx.text.FND_select), (8 bytes).
    Removing tp.o(.ARM.exidx.text.use_uart), (8 bytes).
    Removing tp.o(.ARM.exidx.text.main), (8 bytes).
    Removing tp.o(.bss.num), (4 bytes).
    Removing tp.o(.bss.i), (4 bytes).
    Removing tp.o(.bss.data), (1 bytes).
    Removing tp.o(.bss.transfer_data), (20 bytes).
    Removing tp.o(.ARM.use_no_argv), (4 bytes).
    Removing lpuart.o(.text), (0 bytes).
    Removing lpuart.o(.ARM.exidx.text.LPUART1_init), (8 bytes).
    Removing lpuart.o(.ARM.exidx.text.LPUART1_transmit_char), (8 bytes).
    Removing lpuart.o(.text.LPUART1_transmit_string), (28 bytes).
    Removing lpuart.o(.ARM.exidx.text.LPUART1_transmit_string), (8 bytes).
    Removing lpuart.o(.ARM.exidx.text.LPUART1_receive_char), (8 bytes).
    Removing lpuart.o(.ARM.exidx.text.LPUART1_receive_and_echo_char), (8 bytes).
    Removing startup.o(.text), (0 bytes).
    Removing startup.o(.ARM.exidx.text.init_data_bss), (8 bytes).
    Removing system_s32k144.o(.text), (0 bytes).
    Removing system_s32k144.o(.ARM.exidx.text.SystemInit), (8 bytes).
    Removing system_s32k144.o(.ARM.exidx.text.SystemCoreClockUpdate), (8 bytes).
    Removing system_s32k144.o(.text.SystemSoftwareReset), (32 bytes).
    Removing system_s32k144.o(.ARM.exidx.text.SystemSoftwareReset), (8 bytes).

47 unused section(s) (total 827 bytes) removed from the image.

==============================================================================

Image Symbol Table

    Local Symbols

    Symbol Name                              Value     Ov Type        Size  Object(Section)

    ../clib/angel/boardlib.s                 0x00000000   Number         0  boardinit1.o ABSOLUTE
    ../clib/angel/boardlib.s                 0x00000000   Number         0  boardinit2.o ABSOLUTE
    ../clib/angel/boardlib.s                 0x00000000   Number         0  boardinit3.o ABSOLUTE
    ../clib/angel/boardlib.s                 0x00000000   Number         0  boardshut.o ABSOLUTE
    ../clib/angel/handlers.s                 0x00000000   Number         0  __scatter_copy.o ABSOLUTE
    ../clib/angel/handlers.s                 0x00000000   Number         0  __scatter_zi.o ABSOLUTE
    ../clib/angel/kernel.s                   0x00000000   Number         0  __rtentry.o ABSOLUTE
    ../clib/angel/kernel.s                   0x00000000   Number         0  __rtentry2.o ABSOLUTE
    ../clib/angel/kernel.s                   0x00000000   Number         0  __rtentry4.o ABSOLUTE
    ../clib/angel/kernel.s                   0x00000000   Number         0  __rtentry7.o ABSOLUTE
    ../clib/angel/kernel.s                   0x00000000   Number         0  rtexit.o ABSOLUTE
    ../clib/angel/kernel.s                   0x00000000   Number         0  rtexit2.o ABSOLUTE
    ../clib/angel/rt.s                       0x00000000   Number         0  rt_raise.o ABSOLUTE
    ../clib/angel/scatter.s                  0x00000000   Number         0  __scatter.o ABSOLUTE
    ../clib/angel/startup.s                  0x00000000   Number         0  __main.o ABSOLUTE
    ../clib/angel/sys.s                      0x00000000   Number         0  sys_stackheap_outer.o ABSOLUTE
    ../clib/angel/sys.s                      0x00000000   Number         0  libspace.o ABSOLUTE
    ../clib/angel/sys.s                      0x00000000   Number         0  sys_stackheap.o ABSOLUTE
    ../clib/angel/sys.s                      0x00000000   Number         0  sys_stackheap_hlt.o ABSOLUTE
    ../clib/angel/sys.s                      0x00000000   Number         0  use_no_semi.o ABSOLUTE
    ../clib/angel/sys.s                      0x00000000   Number         0  indicate_semi.o ABSOLUTE
    ../clib/angel/sysapp.c                   0x00000000   Number         0  sys_exit.o ABSOLUTE
    ../clib/angel/sysapp.c                   0x00000000   Number         0  sys_exit_hlt.o ABSOLUTE
    ../clib/angel/sysapp.c                   0x00000000   Number         0  sys_command.o ABSOLUTE
    ../clib/angel/sysapp.c                   0x00000000   Number         0  sys_command_hlt.o ABSOLUTE
    ../clib/angel/sysapp.c                   0x00000000   Number         0  sys_wrch.o ABSOLUTE
    ../clib/angel/sysapp.c                   0x00000000   Number         0  sys_wrch_hlt.o ABSOLUTE
    ../clib/armsys.c                         0x00000000   Number         0  argv_veneer.o ABSOLUTE
    ../clib/armsys.c                         0x00000000   Number         0  argv_veneer.o ABSOLUTE
    ../clib/armsys.c                         0x00000000   Number         0  _get_argv_nomalloc.o ABSOLUTE
    ../clib/armsys.c                         0x00000000   Number         0  no_argv.o ABSOLUTE
    ../clib/heapalloc.c                      0x00000000   Number         0  hrguard.o ABSOLUTE
    ../clib/libinit.s                        0x00000000   Number         0  libinit.o ABSOLUTE
    ../clib/libinit.s                        0x00000000   Number         0  libinit2.o ABSOLUTE
    ../clib/libinit.s                        0x00000000   Number         0  libinit5.o ABSOLUTE
    ../clib/libinit.s                        0x00000000   Number         0  libshutdown.o ABSOLUTE
    ../clib/libinit.s                        0x00000000   Number         0  libshutdown2.o ABSOLUTE
    ../clib/signal.c                         0x00000000   Number         0  defsig_rtmem_outer.o ABSOLUTE
    ../clib/signal.c                         0x00000000   Number         0  defsig_rtmem_formal.o ABSOLUTE
    ../clib/signal.c                         0x00000000   Number         0  defsig_exit.o ABSOLUTE
    ../clib/signal.c                         0x00000000   Number         0  defsig_rtmem_inner.o ABSOLUTE
    ../clib/signal.c                         0x00000000   Number         0  __raise.o ABSOLUTE
    ../clib/signal.c                         0x00000000   Number         0  defsig_general.o ABSOLUTE
    ../clib/signal.c                         0x00000000   Number         0  defsig_abrt_inner.o ABSOLUTE
    ../clib/signal.c                         0x00000000   Number         0  defsig_fpe_inner.o ABSOLUTE
    ../clib/signal.c                         0x00000000   Number         0  defsig_rtred_inner.o ABSOLUTE
    ../clib/signal.c                         0x00000000   Number         0  defsig_stak_inner.o ABSOLUTE
    ../clib/signal.c                         0x00000000   Number         0  defsig_pvfn_inner.o ABSOLUTE
    ../clib/signal.c                         0x00000000   Number         0  defsig_cppl_inner.o ABSOLUTE
    ../clib/signal.c                         0x00000000   Number         0  defsig_segv_inner.o ABSOLUTE
    ../clib/signal.c                         0x00000000   Number         0  defsig_other.o ABSOLUTE
    ../clib/signal.s                         0x00000000   Number         0  defsig.o ABSOLUTE
    ../clib/stdlib.c                         0x00000000   Number         0  exit.o ABSOLUTE
    ../fplib/fpinit.s                        0x00000000   Number         0  fpinit.o ABSOLUTE
    LPUART.c                                 0x00000000   Number         0  lpuart.o ABSOLUTE
    RTE/Device/S32K144HAxxxLHx/startup_S32K144.s 0x00000000   Number         0  startup_s32k144.o ABSOLUTE
    clocks_and_modes.c                       0x00000000   Number         0  clocks_and_modes.o ABSOLUTE
    dc.s                                     0x00000000   Number         0  dc.o ABSOLUTE
    startup.c                                0x00000000   Number         0  startup.o ABSOLUTE
    system_S32K144.c                         0x00000000   Number         0  system_s32k144.o ABSOLUTE
    tp.c                                     0x00000000   Number         0  tp.o ABSOLUTE
    RESET                                    0x00000000   Section      560  startup_s32k144.o(RESET)
    FlashConfig                              0x00000400   Section       16  startup_s32k144.o(FlashConfig)
    .L__const.fnd_sucess.FND_SUCDATA         0x00000410   Data          60  tp.o(.rodata..L__const.fnd_sucess.FND_SUCDATA)
    .L.str                                   0x0000044c   Data           3  tp.o(.rodata.str1.1)
    [Anonymous Symbol]                       0x0000044c   Section        0  tp.o(.rodata.str1.1)
    !!!main                                  0x00000450   Section        8  __main.o(!!!main)
    !!!scatter                               0x00000458   Section       52  __scatter.o(!!!scatter)
    !!handler_copy                           0x0000048c   Section       26  __scatter_copy.o(!!handler_copy)
    !!handler_zi                             0x000004a8   Section       28  __scatter_zi.o(!!handler_zi)
    .ARM.Collect$$libinit$$00000000          0x000004c4   Section        2  libinit.o(.ARM.Collect$$libinit$$00000000)
    .ARM.Collect$$libinit$$00000001          0x000004c6   Section        4  libinit2.o(.ARM.Collect$$libinit$$00000001)
    .ARM.Collect$$libinit$$00000004          0x000004ca   Section        0  libinit2.o(.ARM.Collect$$libinit$$00000004)
    .ARM.Collect$$libinit$$0000000A          0x000004ca   Section        0  libinit2.o(.ARM.Collect$$libinit$$0000000A)
    .ARM.Collect$$libinit$$0000000C          0x000004ca   Section        0  libinit2.o(.ARM.Collect$$libinit$$0000000C)
    .ARM.Collect$$libinit$$0000000E          0x000004ca   Section        0  libinit2.o(.ARM.Collect$$libinit$$0000000E)
    .ARM.Collect$$libinit$$00000011          0x000004ca   Section        0  libinit2.o(.ARM.Collect$$libinit$$00000011)
    .ARM.Collect$$libinit$$00000013          0x000004ca   Section        0  libinit2.o(.ARM.Collect$$libinit$$00000013)
    .ARM.Collect$$libinit$$00000015          0x000004ca   Section        0  libinit2.o(.ARM.Collect$$libinit$$00000015)
    .ARM.Collect$$libinit$$00000017          0x000004ca   Section        0  libinit2.o(.ARM.Collect$$libinit$$00000017)
    .ARM.Collect$$libinit$$00000019          0x000004ca   Section        0  libinit2.o(.ARM.Collect$$libinit$$00000019)
    .ARM.Collect$$libinit$$0000001B          0x000004ca   Section        0  libinit2.o(.ARM.Collect$$libinit$$0000001B)
    .ARM.Collect$$libinit$$0000001D          0x000004ca   Section        0  libinit2.o(.ARM.Collect$$libinit$$0000001D)
    .ARM.Collect$$libinit$$0000001F          0x000004ca   Section        0  libinit2.o(.ARM.Collect$$libinit$$0000001F)
    .ARM.Collect$$libinit$$00000021          0x000004ca   Section        0  libinit2.o(.ARM.Collect$$libinit$$00000021)
    .ARM.Collect$$libinit$$00000023          0x000004ca   Section        0  libinit2.o(.ARM.Collect$$libinit$$00000023)
    .ARM.Collect$$libinit$$00000025          0x000004ca   Section        0  libinit2.o(.ARM.Collect$$libinit$$00000025)
    .ARM.Collect$$libinit$$0000002C          0x000004ca   Section        0  libinit2.o(.ARM.Collect$$libinit$$0000002C)
    .ARM.Collect$$libinit$$0000002E          0x000004ca   Section        0  libinit2.o(.ARM.Collect$$libinit$$0000002E)
    .ARM.Collect$$libinit$$00000030          0x000004ca   Section        0  libinit2.o(.ARM.Collect$$libinit$$00000030)
    .ARM.Collect$$libinit$$00000032          0x000004ca   Section        0  libinit2.o(.ARM.Collect$$libinit$$00000032)
    .ARM.Collect$$libinit$$00000033          0x000004ca   Section        2  libinit2.o(.ARM.Collect$$libinit$$00000033)
    .ARM.Collect$$libshutdown$$00000000      0x000004cc   Section        2  libshutdown.o(.ARM.Collect$$libshutdown$$00000000)
    .ARM.Collect$$libshutdown$$00000002      0x000004ce   Section        0  libshutdown2.o(.ARM.Collect$$libshutdown$$00000002)
    .ARM.Collect$$libshutdown$$00000004      0x000004ce   Section        0  libshutdown2.o(.ARM.Collect$$libshutdown$$00000004)
    .ARM.Collect$$libshutdown$$00000007      0x000004ce   Section        0  libshutdown2.o(.ARM.Collect$$libshutdown$$00000007)
    .ARM.Collect$$libshutdown$$0000000A      0x000004ce   Section        0  libshutdown2.o(.ARM.Collect$$libshutdown$$0000000A)
    .ARM.Collect$$libshutdown$$0000000C      0x000004ce   Section        0  libshutdown2.o(.ARM.Collect$$libshutdown$$0000000C)
    .ARM.Collect$$libshutdown$$0000000F      0x000004ce   Section        0  libshutdown2.o(.ARM.Collect$$libshutdown$$0000000F)
    .ARM.Collect$$libshutdown$$00000010      0x000004ce   Section        2  libshutdown2.o(.ARM.Collect$$libshutdown$$00000010)
    .ARM.Collect$$rtentry$$00000000          0x000004d0   Section        0  __rtentry.o(.ARM.Collect$$rtentry$$00000000)
    .ARM.Collect$$rtentry$$00000002          0x000004d0   Section        0  __rtentry2.o(.ARM.Collect$$rtentry$$00000002)
    .ARM.Collect$$rtentry$$00000007          0x000004d0   Section        4  __rtentry7.o(.ARM.Collect$$rtentry$$00000007)
    .ARM.Collect$$rtentry$$00000009          0x000004d4   Section        0  __rtentry2.o(.ARM.Collect$$rtentry$$00000009)
    .ARM.Collect$$rtentry$$0000000A          0x000004d4   Section        4  __rtentry2.o(.ARM.Collect$$rtentry$$0000000A)
    .ARM.Collect$$rtentry$$0000000C          0x000004d8   Section        0  __rtentry2.o(.ARM.Collect$$rtentry$$0000000C)
    .ARM.Collect$$rtentry$$0000000D          0x000004d8   Section        8  __rtentry2.o(.ARM.Collect$$rtentry$$0000000D)
    __lit__00000000                          0x000004e0   Data           4  __rtentry7.o(.ARM.Collect$$rtentry$$00002718)
    .ARM.Collect$$rtentry$$00002718          0x000004e0   Section        4  __rtentry7.o(.ARM.Collect$$rtentry$$00002718)
    .ARM.Collect$$rtexit$$00000000           0x000004e4   Section        2  rtexit.o(.ARM.Collect$$rtexit$$00000000)
    .ARM.Collect$$rtexit$$00000002           0x000004e6   Section        0  rtexit2.o(.ARM.Collect$$rtexit$$00000002)
    .ARM.Collect$$rtexit$$00000003           0x000004e6   Section        4  rtexit2.o(.ARM.Collect$$rtexit$$00000003)
    .ARM.Collect$$rtexit$$00000004           0x000004ea   Section        6  rtexit2.o(.ARM.Collect$$rtexit$$00000004)
    .text                                    0x000004f0   Section      156  startup_s32k144.o(.text)
    $v0                                      0x00000544   Number         0  startup_s32k144.o(.text)
    .text                                    0x0000058c   Section        0  exit.o(.text)
    .text                                    0x0000059e   Section        2  use_no_semi.o(.text)
    .text                                    0x000005a0   Section        0  indicate_semi.o(.text)
    .text                                    0x000005a0   Section        0  sys_exit.o(.text)
    [Anonymous Symbol]                       0x000005ac   Section        0  tp.o(.text.FND_select)
    [Anonymous Symbol]                       0x00000748   Section        0  tp.o(.text.LPIT0_init)
    [Anonymous Symbol]                       0x00000780   Section        0  tp.o(.text.LPUART0_init)
    [Anonymous Symbol]                       0x000007b0   Section        0  lpuart.o(.text.LPUART1_init)
    [Anonymous Symbol]                       0x000007e0   Section        0  lpuart.o(.text.LPUART1_receive_and_echo_char)
    [Anonymous Symbol]                       0x000007fc   Section        0  lpuart.o(.text.LPUART1_receive_char)
    [Anonymous Symbol]                       0x00000810   Section        0  lpuart.o(.text.LPUART1_transmit_char)
    [Anonymous Symbol]                       0x00000824   Section        0  tp.o(.text.NVIC_init_IRQs)
    [Anonymous Symbol]                       0x00000850   Section        0  clocks_and_modes.o(.text.NormalRUNmode_80MHz)
    [Anonymous Symbol]                       0x00000878   Section        0  tp.o(.text.PORTC_IRQHandler)
    [Anonymous Symbol]                       0x000008dc   Section        0  tp.o(.text.PORT_init)
    [Anonymous Symbol]                       0x00000990   Section        0  clocks_and_modes.o(.text.SOSC_init_8MHz)
    [Anonymous Symbol]                       0x000009b8   Section        0  clocks_and_modes.o(.text.SPLL_init_160MHz)
    [Anonymous Symbol]                       0x000009f8   Section        0  system_s32k144.o(.text.SystemCoreClockUpdate)
    [Anonymous Symbol]                       0x00000a94   Section        0  system_s32k144.o(.text.SystemInit)
    [Anonymous Symbol]                       0x00000ad4   Section        0  tp.o(.text.WDOG_disable)
    [Anonymous Symbol]                       0x00000af4   Section        0  tp.o(.text.delay_ms)
    [Anonymous Symbol]                       0x00000b28   Section        0  tp.o(.text.fnd_fail)
    [Anonymous Symbol]                       0x00000c00   Section        0  tp.o(.text.fnd_sucess)
    [Anonymous Symbol]                       0x00000c68   Section        0  tp.o(.text.fnd_wait)
    [Anonymous Symbol]                       0x00000d40   Section        0  startup.o(.text.init_data_bss)
    [Anonymous Symbol]                       0x00000d90   Section        0  tp.o(.text.main)
    [Anonymous Symbol]                       0x00000f2c   Section        0  tp.o(.text.use_uart)
    $v0                                      0x00001118   Number         0  fpinit.o(x$fpl$fpinit)
    x$fpl$fpinit                             0x00001118   Section       26  fpinit.o(x$fpl$fpinit)

    Global Symbols

    Symbol Name                              Value     Ov Type        Size  Object(Section)

    BuildAttributes$$THM_ISAv4$E$P$D$K$B$S$7EM$VFPi3$EXTD16$VFPS$VFMA$PE$A:L22UL41UL21$X:L11$S22US41US21$IEEE1$IW$~IW$USESV6$~STKCKD$USESV7$~SHL$OTIME$ROPI$EBA8$UX$STANDARDLIB$REQ8$PRES8$EABIv2 0x00000000   Number         0  anon$$obj.o ABSOLUTE
    Image$$RW_m_code$$Length                 0x00000000   Number         0  anon$$obj.o ABSOLUTE
    Image$$VECTOR_RAM$$Length                0x00000000   Number         0  anon$$obj.o ABSOLUTE
    Image$$VECTOR_ROM$$Base                  0x00000000   Number         0  anon$$obj.o ABSOLUTE
    __Vectors                                0x00000000   Data           4  startup_s32k144.o(RESET)
    Image$$ZI$$Limit                          - Undefined Weak Reference
    __ARM_exceptions_init                     - Undefined Weak Reference
    __alloca_initialize                       - Undefined Weak Reference
    __arm_preinit_                            - Undefined Weak Reference
    __cpp_initialize__aeabi_                  - Undefined Weak Reference
    __cxa_finalize                            - Undefined Weak Reference
    __rt_locale                               - Undefined Weak Reference
    __sigvec_lookup                           - Undefined Weak Reference
    _atexit_init                              - Undefined Weak Reference
    _call_atexit_fns                          - Undefined Weak Reference
    _clock_init                               - Undefined Weak Reference
    _fp_trap_init                             - Undefined Weak Reference
    _fp_trap_shutdown                         - Undefined Weak Reference
    _get_lc_collate                           - Undefined Weak Reference
    _get_lc_ctype                             - Undefined Weak Reference
    _get_lc_monetary                          - Undefined Weak Reference
    _get_lc_numeric                           - Undefined Weak Reference
    _get_lc_time                              - Undefined Weak Reference
    _getenv_init                              - Undefined Weak Reference
    _handle_redirection                       - Undefined Weak Reference
    _init_alloc                               - Undefined Weak Reference
    _init_user_alloc                          - Undefined Weak Reference
    _initio                                   - Undefined Weak Reference
    _rand_init                                - Undefined Weak Reference
    _signal_finish                            - Undefined Weak Reference
    _signal_init                              - Undefined Weak Reference
    _terminate_alloc                          - Undefined Weak Reference
    _terminate_user_alloc                     - Undefined Weak Reference
    _terminateio                              - Undefined Weak Reference
    Image$$RW_m_data$$Length                 0x0000007c   Number         0  anon$$obj.o ABSOLUTE
    Image$$VECTOR_ROM$$Length                0x00000230   Number         0  anon$$obj.o ABSOLUTE
    Image$$VECTOR_ROM$$Limit                 0x00000230   Number         0  anon$$obj.o ABSOLUTE
    Image$$ER_m_text_const$$Base             0x00000410   Number         0  anon$$obj.o ABSOLUTE
    Image$$ER_m_text_const$$Limit            0x00000450   Number         0  anon$$obj.o ABSOLUTE
    __main                                   0x00000451   Thumb Code     8  __main.o(!!!main)
    __scatterload                            0x00000459   Thumb Code     0  __scatter.o(!!!scatter)
    __scatterload_rt2                        0x00000459   Thumb Code    44  __scatter.o(!!!scatter)
    __scatterload_rt2_thumb_only             0x00000459   Thumb Code     0  __scatter.o(!!!scatter)
    __scatterload_null                       0x00000467   Thumb Code     0  __scatter.o(!!!scatter)
    __scatterload_copy                       0x0000048d   Thumb Code    26  __scatter_copy.o(!!handler_copy)
    __scatterload_zeroinit                   0x000004a9   Thumb Code    28  __scatter_zi.o(!!handler_zi)
    __rt_lib_init                            0x000004c5   Thumb Code     0  libinit.o(.ARM.Collect$$libinit$$00000000)
    __rt_lib_init_fp_1                       0x000004c7   Thumb Code     0  libinit2.o(.ARM.Collect$$libinit$$00000001)
    __rt_lib_init_alloca_1                   0x000004cb   Thumb Code     0  libinit2.o(.ARM.Collect$$libinit$$0000002E)
    __rt_lib_init_argv_1                     0x000004cb   Thumb Code     0  libinit2.o(.ARM.Collect$$libinit$$0000002C)
    __rt_lib_init_atexit_1                   0x000004cb   Thumb Code     0  libinit2.o(.ARM.Collect$$libinit$$0000001B)
    __rt_lib_init_clock_1                    0x000004cb   Thumb Code     0  libinit2.o(.ARM.Collect$$libinit$$00000021)
    __rt_lib_init_cpp_1                      0x000004cb   Thumb Code     0  libinit2.o(.ARM.Collect$$libinit$$00000032)
    __rt_lib_init_exceptions_1               0x000004cb   Thumb Code     0  libinit2.o(.ARM.Collect$$libinit$$00000030)
    __rt_lib_init_fp_trap_1                  0x000004cb   Thumb Code     0  libinit2.o(.ARM.Collect$$libinit$$0000001F)
    __rt_lib_init_getenv_1                   0x000004cb   Thumb Code     0  libinit2.o(.ARM.Collect$$libinit$$00000023)
    __rt_lib_init_heap_1                     0x000004cb   Thumb Code     0  libinit2.o(.ARM.Collect$$libinit$$0000000A)
    __rt_lib_init_lc_collate_1               0x000004cb   Thumb Code     0  libinit2.o(.ARM.Collect$$libinit$$00000011)
    __rt_lib_init_lc_ctype_1                 0x000004cb   Thumb Code     0  libinit2.o(.ARM.Collect$$libinit$$00000013)
    __rt_lib_init_lc_monetary_1              0x000004cb   Thumb Code     0  libinit2.o(.ARM.Collect$$libinit$$00000015)
    __rt_lib_init_lc_numeric_1               0x000004cb   Thumb Code     0  libinit2.o(.ARM.Collect$$libinit$$00000017)
    __rt_lib_init_lc_time_1                  0x000004cb   Thumb Code     0  libinit2.o(.ARM.Collect$$libinit$$00000019)
    __rt_lib_init_preinit_1                  0x000004cb   Thumb Code     0  libinit2.o(.ARM.Collect$$libinit$$00000004)
    __rt_lib_init_rand_1                     0x000004cb   Thumb Code     0  libinit2.o(.ARM.Collect$$libinit$$0000000E)
    __rt_lib_init_return                     0x000004cb   Thumb Code     0  libinit2.o(.ARM.Collect$$libinit$$00000033)
    __rt_lib_init_signal_1                   0x000004cb   Thumb Code     0  libinit2.o(.ARM.Collect$$libinit$$0000001D)
    __rt_lib_init_stdio_1                    0x000004cb   Thumb Code     0  libinit2.o(.ARM.Collect$$libinit$$00000025)
    __rt_lib_init_user_alloc_1               0x000004cb   Thumb Code     0  libinit2.o(.ARM.Collect$$libinit$$0000000C)
    __rt_lib_shutdown                        0x000004cd   Thumb Code     0  libshutdown.o(.ARM.Collect$$libshutdown$$00000000)
    __rt_lib_shutdown_cpp_1                  0x000004cf   Thumb Code     0  libshutdown2.o(.ARM.Collect$$libshutdown$$00000002)
    __rt_lib_shutdown_fp_trap_1              0x000004cf   Thumb Code     0  libshutdown2.o(.ARM.Collect$$libshutdown$$00000007)
    __rt_lib_shutdown_heap_1                 0x000004cf   Thumb Code     0  libshutdown2.o(.ARM.Collect$$libshutdown$$0000000F)
    __rt_lib_shutdown_return                 0x000004cf   Thumb Code     0  libshutdown2.o(.ARM.Collect$$libshutdown$$00000010)
    __rt_lib_shutdown_signal_1               0x000004cf   Thumb Code     0  libshutdown2.o(.ARM.Collect$$libshutdown$$0000000A)
    __rt_lib_shutdown_stdio_1                0x000004cf   Thumb Code     0  libshutdown2.o(.ARM.Collect$$libshutdown$$00000004)
    __rt_lib_shutdown_user_alloc_1           0x000004cf   Thumb Code     0  libshutdown2.o(.ARM.Collect$$libshutdown$$0000000C)
    __rt_entry                               0x000004d1   Thumb Code     0  __rtentry.o(.ARM.Collect$$rtentry$$00000000)
    __rt_entry_presh_1                       0x000004d1   Thumb Code     0  __rtentry2.o(.ARM.Collect$$rtentry$$00000002)
    __rt_entry_sh                            0x000004d1   Thumb Code     0  __rtentry7.o(.ARM.Collect$$rtentry$$00000007)
    __rt_entry_li                            0x000004d5   Thumb Code     0  __rtentry2.o(.ARM.Collect$$rtentry$$0000000A)
    __rt_entry_postsh_1                      0x000004d5   Thumb Code     0  __rtentry2.o(.ARM.Collect$$rtentry$$00000009)
    __rt_entry_main                          0x000004d9   Thumb Code     0  __rtentry2.o(.ARM.Collect$$rtentry$$0000000D)
    __rt_entry_postli_1                      0x000004d9   Thumb Code     0  __rtentry2.o(.ARM.Collect$$rtentry$$0000000C)
    __rt_exit                                0x000004e5   Thumb Code     0  rtexit.o(.ARM.Collect$$rtexit$$00000000)
    __rt_exit_ls                             0x000004e7   Thumb Code     0  rtexit2.o(.ARM.Collect$$rtexit$$00000003)
    __rt_exit_prels_1                        0x000004e7   Thumb Code     0  rtexit2.o(.ARM.Collect$$rtexit$$00000002)
    __rt_exit_exit                           0x000004eb   Thumb Code     0  rtexit2.o(.ARM.Collect$$rtexit$$00000004)
    __RAM_VECTOR_TABLE_SIZE                  0x000004f0   Data           4  startup_s32k144.o(.text)
    __VECTOR_RAM                             0x000004f4   Data           4  startup_s32k144.o(.text)
    __VECTOR_ROM                             0x000004f8   Data           4  startup_s32k144.o(.text)
    __VECTOR_ROM_START                       0x000004fc   Data           4  startup_s32k144.o(.text)
    __VECTOR_ROM_END                         0x00000500   Data           4  startup_s32k144.o(.text)
    __CODE_ROM                               0x00000504   Data           4  startup_s32k144.o(.text)
    __CODE_END                               0x00000508   Data           4  startup_s32k144.o(.text)
    __CODE_RAM                               0x0000050c   Data           4  startup_s32k144.o(.text)
    __CODE_RAM_START                         0x00000510   Data           4  startup_s32k144.o(.text)
    __CODE_RAM_END                           0x00000514   Data           4  startup_s32k144.o(.text)
    __BSS_START                              0x00000518   Data           4  startup_s32k144.o(.text)
    __BSS_END                                0x0000051c   Data           4  startup_s32k144.o(.text)
    __DATA_RAM                               0x00000520   Data           4  startup_s32k144.o(.text)
    __DATA_RAM_START                         0x00000524   Data           4  startup_s32k144.o(.text)
    __DATA_RAM_END                           0x00000528   Data           4  startup_s32k144.o(.text)
    __DATA_ROM                               0x0000052c   Data           4  startup_s32k144.o(.text)
    __DATA_END                               0x00000530   Data           4  startup_s32k144.o(.text)
    __CUSTOM_SECTION_START                   0x00000534   Data           4  startup_s32k144.o(.text)
    __CUSTOM_SECTION_END                     0x00000538   Data           4  startup_s32k144.o(.text)
    __RAM_START                              0x0000053c   Data           4  startup_s32k144.o(.text)
    __RAM_END                                0x00000540   Data           4  startup_s32k144.o(.text)
    Reset_Handler                            0x00000545   Thumb Code    28  startup_s32k144.o(.text)
    NMI_Handler                              0x00000561   Thumb Code     2  startup_s32k144.o(.text)
    HardFault_Handler                        0x00000563   Thumb Code     2  startup_s32k144.o(.text)
    MemManage_Handler                        0x00000565   Thumb Code     2  startup_s32k144.o(.text)
    BusFault_Handler                         0x00000567   Thumb Code     2  startup_s32k144.o(.text)
    UsageFault_Handler                       0x00000569   Thumb Code     2  startup_s32k144.o(.text)
    SVC_Handler                              0x0000056b   Thumb Code     2  startup_s32k144.o(.text)
    DebugMon_Handler                         0x0000056d   Thumb Code     2  startup_s32k144.o(.text)
    PendSV_Handler                           0x0000056f   Thumb Code     2  startup_s32k144.o(.text)
    SysTick_Handler                          0x00000571   Thumb Code     2  startup_s32k144.o(.text)
    DefaultISR                               0x00000573   Thumb Code     2  startup_s32k144.o(.text)
    ADC0_IRQHandler                          0x00000575   Thumb Code     0  startup_s32k144.o(.text)
    ADC1_IRQHandler                          0x00000575   Thumb Code     0  startup_s32k144.o(.text)
    CAN0_Error_IRQHandler                    0x00000575   Thumb Code     0  startup_s32k144.o(.text)
    CAN0_ORed_0_15_MB_IRQHandler             0x00000575   Thumb Code     0  startup_s32k144.o(.text)
    CAN0_ORed_16_31_MB_IRQHandler            0x00000575   Thumb Code     0  startup_s32k144.o(.text)
    CAN0_ORed_IRQHandler                     0x00000575   Thumb Code     0  startup_s32k144.o(.text)
    CAN0_Wake_Up_IRQHandler                  0x00000575   Thumb Code     0  startup_s32k144.o(.text)
    CAN1_Error_IRQHandler                    0x00000575   Thumb Code     0  startup_s32k144.o(.text)
    CAN1_ORed_0_15_MB_IRQHandler             0x00000575   Thumb Code     0  startup_s32k144.o(.text)
    CAN1_ORed_IRQHandler                     0x00000575   Thumb Code     0  startup_s32k144.o(.text)
    CAN2_Error_IRQHandler                    0x00000575   Thumb Code     0  startup_s32k144.o(.text)
    CAN2_ORed_0_15_MB_IRQHandler             0x00000575   Thumb Code     0  startup_s32k144.o(.text)
    CAN2_ORed_IRQHandler                     0x00000575   Thumb Code     0  startup_s32k144.o(.text)
    CMP0_IRQHandler                          0x00000575   Thumb Code     0  startup_s32k144.o(.text)
    DMA0_IRQHandler                          0x00000575   Thumb Code     0  startup_s32k144.o(.text)
    DMA10_IRQHandler                         0x00000575   Thumb Code     0  startup_s32k144.o(.text)
    DMA11_IRQHandler                         0x00000575   Thumb Code     0  startup_s32k144.o(.text)
    DMA12_IRQHandler                         0x00000575   Thumb Code     0  startup_s32k144.o(.text)
    DMA13_IRQHandler                         0x00000575   Thumb Code     0  startup_s32k144.o(.text)
    DMA14_IRQHandler                         0x00000575   Thumb Code     0  startup_s32k144.o(.text)
    DMA15_IRQHandler                         0x00000575   Thumb Code     0  startup_s32k144.o(.text)
    DMA1_IRQHandler                          0x00000575   Thumb Code     0  startup_s32k144.o(.text)
    DMA2_IRQHandler                          0x00000575   Thumb Code     0  startup_s32k144.o(.text)
    DMA3_IRQHandler                          0x00000575   Thumb Code     0  startup_s32k144.o(.text)
    DMA4_IRQHandler                          0x00000575   Thumb Code     0  startup_s32k144.o(.text)
    DMA5_IRQHandler                          0x00000575   Thumb Code     0  startup_s32k144.o(.text)
    DMA6_IRQHandler                          0x00000575   Thumb Code     0  startup_s32k144.o(.text)
    DMA7_IRQHandler                          0x00000575   Thumb Code     0  startup_s32k144.o(.text)
    DMA8_IRQHandler                          0x00000575   Thumb Code     0  startup_s32k144.o(.text)
    DMA9_IRQHandler                          0x00000575   Thumb Code     0  startup_s32k144.o(.text)
    DMA_Error_IRQHandler                     0x00000575   Thumb Code     0  startup_s32k144.o(.text)
    ERM_double_fault_IRQHandler              0x00000575   Thumb Code     0  startup_s32k144.o(.text)
    ERM_single_fault_IRQHandler              0x00000575   Thumb Code     0  startup_s32k144.o(.text)
    FLEXIO_IRQHandler                        0x00000575   Thumb Code     0  startup_s32k144.o(.text)
    FTFC_Fault_IRQHandler                    0x00000575   Thumb Code     0  startup_s32k144.o(.text)
    FTFC_IRQHandler                          0x00000575   Thumb Code     0  startup_s32k144.o(.text)
    FTM0_Ch0_Ch1_IRQHandler                  0x00000575   Thumb Code     0  startup_s32k144.o(.text)
    FTM0_Ch2_Ch3_IRQHandler                  0x00000575   Thumb Code     0  startup_s32k144.o(.text)
    FTM0_Ch4_Ch5_IRQHandler                  0x00000575   Thumb Code     0  startup_s32k144.o(.text)
    FTM0_Ch6_Ch7_IRQHandler                  0x00000575   Thumb Code     0  startup_s32k144.o(.text)
    FTM0_Fault_IRQHandler                    0x00000575   Thumb Code     0  startup_s32k144.o(.text)
    FTM0_Ovf_Reload_IRQHandler               0x00000575   Thumb Code     0  startup_s32k144.o(.text)
    FTM1_Ch0_Ch1_IRQHandler                  0x00000575   Thumb Code     0  startup_s32k144.o(.text)
    FTM1_Ch2_Ch3_IRQHandler                  0x00000575   Thumb Code     0  startup_s32k144.o(.text)
    FTM1_Ch4_Ch5_IRQHandler                  0x00000575   Thumb Code     0  startup_s32k144.o(.text)
    FTM1_Ch6_Ch7_IRQHandler                  0x00000575   Thumb Code     0  startup_s32k144.o(.text)
    FTM1_Fault_IRQHandler                    0x00000575   Thumb Code     0  startup_s32k144.o(.text)
    FTM1_Ovf_Reload_IRQHandler               0x00000575   Thumb Code     0  startup_s32k144.o(.text)
    FTM2_Ch0_Ch1_IRQHandler                  0x00000575   Thumb Code     0  startup_s32k144.o(.text)
    FTM2_Ch2_Ch3_IRQHandler                  0x00000575   Thumb Code     0  startup_s32k144.o(.text)
    FTM2_Ch4_Ch5_IRQHandler                  0x00000575   Thumb Code     0  startup_s32k144.o(.text)
    FTM2_Ch6_Ch7_IRQHandler                  0x00000575   Thumb Code     0  startup_s32k144.o(.text)
    FTM2_Fault_IRQHandler                    0x00000575   Thumb Code     0  startup_s32k144.o(.text)
    FTM2_Ovf_Reload_IRQHandler               0x00000575   Thumb Code     0  startup_s32k144.o(.text)
    FTM3_Ch0_Ch1_IRQHandler                  0x00000575   Thumb Code     0  startup_s32k144.o(.text)
    FTM3_Ch2_Ch3_IRQHandler                  0x00000575   Thumb Code     0  startup_s32k144.o(.text)
    FTM3_Ch4_Ch5_IRQHandler                  0x00000575   Thumb Code     0  startup_s32k144.o(.text)
    FTM3_Ch6_Ch7_IRQHandler                  0x00000575   Thumb Code     0  startup_s32k144.o(.text)
    FTM3_Fault_IRQHandler                    0x00000575   Thumb Code     0  startup_s32k144.o(.text)
    FTM3_Ovf_Reload_IRQHandler               0x00000575   Thumb Code     0  startup_s32k144.o(.text)
    LPI2C0_Master_IRQHandler                 0x00000575   Thumb Code     0  startup_s32k144.o(.text)
    LPI2C0_Slave_IRQHandler                  0x00000575   Thumb Code     0  startup_s32k144.o(.text)
    LPIT0_Ch0_IRQHandler                     0x00000575   Thumb Code     0  startup_s32k144.o(.text)
    LPIT0_Ch1_IRQHandler                     0x00000575   Thumb Code     0  startup_s32k144.o(.text)
    LPIT0_Ch2_IRQHandler                     0x00000575   Thumb Code     0  startup_s32k144.o(.text)
    LPIT0_Ch3_IRQHandler                     0x00000575   Thumb Code     0  startup_s32k144.o(.text)
    LPSPI0_IRQHandler                        0x00000575   Thumb Code     0  startup_s32k144.o(.text)
    LPSPI1_IRQHandler                        0x00000575   Thumb Code     0  startup_s32k144.o(.text)
    LPSPI2_IRQHandler                        0x00000575   Thumb Code     0  startup_s32k144.o(.text)
    LPTMR0_IRQHandler                        0x00000575   Thumb Code     0  startup_s32k144.o(.text)
    LPUART0_RxTx_IRQHandler                  0x00000575   Thumb Code     0  startup_s32k144.o(.text)
    LPUART1_RxTx_IRQHandler                  0x00000575   Thumb Code     0  startup_s32k144.o(.text)
    LPUART2_RxTx_IRQHandler                  0x00000575   Thumb Code     0  startup_s32k144.o(.text)
    LVD_LVW_IRQHandler                       0x00000575   Thumb Code     0  startup_s32k144.o(.text)
    MCM_IRQHandler                           0x00000575   Thumb Code     0  startup_s32k144.o(.text)
    PDB0_IRQHandler                          0x00000575   Thumb Code     0  startup_s32k144.o(.text)
    PDB1_IRQHandler                          0x00000575   Thumb Code     0  startup_s32k144.o(.text)
    PORTA_IRQHandler                         0x00000575   Thumb Code     0  startup_s32k144.o(.text)
    PORTB_IRQHandler                         0x00000575   Thumb Code     0  startup_s32k144.o(.text)
    PORTD_IRQHandler                         0x00000575   Thumb Code     0  startup_s32k144.o(.text)
    PORTE_IRQHandler                         0x00000575   Thumb Code     0  startup_s32k144.o(.text)
    RCM_IRQHandler                           0x00000575   Thumb Code     0  startup_s32k144.o(.text)
    RTC_IRQHandler                           0x00000575   Thumb Code     0  startup_s32k144.o(.text)
    RTC_Seconds_IRQHandler                   0x00000575   Thumb Code     0  startup_s32k144.o(.text)
    Read_Collision_IRQHandler                0x00000575   Thumb Code     0  startup_s32k144.o(.text)
    Reserved100_IRQHandler                   0x00000575   Thumb Code     0  startup_s32k144.o(.text)
    Reserved103_IRQHandler                   0x00000575   Thumb Code     0  startup_s32k144.o(.text)
    Reserved105_IRQHandler                   0x00000575   Thumb Code     0  startup_s32k144.o(.text)
    Reserved106_IRQHandler                   0x00000575   Thumb Code     0  startup_s32k144.o(.text)
    Reserved107_IRQHandler                   0x00000575   Thumb Code     0  startup_s32k144.o(.text)
    Reserved110_IRQHandler                   0x00000575   Thumb Code     0  startup_s32k144.o(.text)
    Reserved112_IRQHandler                   0x00000575   Thumb Code     0  startup_s32k144.o(.text)
    Reserved113_IRQHandler                   0x00000575   Thumb Code     0  startup_s32k144.o(.text)
    Reserved114_IRQHandler                   0x00000575   Thumb Code     0  startup_s32k144.o(.text)
    Reserved45_IRQHandler                    0x00000575   Thumb Code     0  startup_s32k144.o(.text)
    Reserved46_IRQHandler                    0x00000575   Thumb Code     0  startup_s32k144.o(.text)
    Reserved48_IRQHandler                    0x00000575   Thumb Code     0  startup_s32k144.o(.text)
    Reserved50_IRQHandler                    0x00000575   Thumb Code     0  startup_s32k144.o(.text)
    Reserved52_IRQHandler                    0x00000575   Thumb Code     0  startup_s32k144.o(.text)
    Reserved53_IRQHandler                    0x00000575   Thumb Code     0  startup_s32k144.o(.text)
    Reserved54_IRQHandler                    0x00000575   Thumb Code     0  startup_s32k144.o(.text)
    Reserved58_IRQHandler                    0x00000575   Thumb Code     0  startup_s32k144.o(.text)
    Reserved59_IRQHandler                    0x00000575   Thumb Code     0  startup_s32k144.o(.text)
    Reserved69_IRQHandler                    0x00000575   Thumb Code     0  startup_s32k144.o(.text)
    Reserved70_IRQHandler                    0x00000575   Thumb Code     0  startup_s32k144.o(.text)
    Reserved71_IRQHandler                    0x00000575   Thumb Code     0  startup_s32k144.o(.text)
    Reserved72_IRQHandler                    0x00000575   Thumb Code     0  startup_s32k144.o(.text)
    Reserved81_IRQHandler                    0x00000575   Thumb Code     0  startup_s32k144.o(.text)
    Reserved82_IRQHandler                    0x00000575   Thumb Code     0  startup_s32k144.o(.text)
    Reserved83_IRQHandler                    0x00000575   Thumb Code     0  startup_s32k144.o(.text)
    Reserved86_IRQHandler                    0x00000575   Thumb Code     0  startup_s32k144.o(.text)
    Reserved87_IRQHandler                    0x00000575   Thumb Code     0  startup_s32k144.o(.text)
    Reserved88_IRQHandler                    0x00000575   Thumb Code     0  startup_s32k144.o(.text)
    Reserved89_IRQHandler                    0x00000575   Thumb Code     0  startup_s32k144.o(.text)
    Reserved90_IRQHandler                    0x00000575   Thumb Code     0  startup_s32k144.o(.text)
    Reserved91_IRQHandler                    0x00000575   Thumb Code     0  startup_s32k144.o(.text)
    Reserved92_IRQHandler                    0x00000575   Thumb Code     0  startup_s32k144.o(.text)
    Reserved93_IRQHandler                    0x00000575   Thumb Code     0  startup_s32k144.o(.text)
    Reserved99_IRQHandler                    0x00000575   Thumb Code     0  startup_s32k144.o(.text)
    SCG_IRQHandler                           0x00000575   Thumb Code     0  startup_s32k144.o(.text)
    SWI_IRQHandler                           0x00000575   Thumb Code     0  startup_s32k144.o(.text)
    WDOG_EWM_IRQHandler                      0x00000575   Thumb Code     0  startup_s32k144.o(.text)
    exit                                     0x0000058d   Thumb Code    18  exit.o(.text)
    __I$use$semihosting                      0x0000059f   Thumb Code     0  use_no_semi.o(.text)
    __use_no_semihosting_swi                 0x0000059f   Thumb Code     2  use_no_semi.o(.text)
    __semihosting_library_function           0x000005a1   Thumb Code     0  indicate_semi.o(.text)
    _sys_exit                                0x000005a1   Thumb Code     8  sys_exit.o(.text)
    FND_select                               0x000005ad   Thumb Code   410  tp.o(.text.FND_select)
    LPIT0_init                               0x00000749   Thumb Code    56  tp.o(.text.LPIT0_init)
    LPUART0_init                             0x00000781   Thumb Code    48  tp.o(.text.LPUART0_init)
    LPUART1_init                             0x000007b1   Thumb Code    48  lpuart.o(.text.LPUART1_init)
    LPUART1_receive_and_echo_char            0x000007e1   Thumb Code    28  lpuart.o(.text.LPUART1_receive_and_echo_char)
    LPUART1_receive_char                     0x000007fd   Thumb Code    20  lpuart.o(.text.LPUART1_receive_char)
    LPUART1_transmit_char                    0x00000811   Thumb Code    18  lpuart.o(.text.LPUART1_transmit_char)
    NVIC_init_IRQs                           0x00000825   Thumb Code    42  tp.o(.text.NVIC_init_IRQs)
    NormalRUNmode_80MHz                      0x00000851   Thumb Code    38  clocks_and_modes.o(.text.NormalRUNmode_80MHz)
    PORTC_IRQHandler                         0x00000879   Thumb Code    98  tp.o(.text.PORTC_IRQHandler)
    PORT_init                                0x000008dd   Thumb Code   180  tp.o(.text.PORT_init)
    SOSC_init_8MHz                           0x00000991   Thumb Code    40  clocks_and_modes.o(.text.SOSC_init_8MHz)
    SPLL_init_160MHz                         0x000009b9   Thumb Code    64  clocks_and_modes.o(.text.SPLL_init_160MHz)
    SystemCoreClockUpdate                    0x000009f9   Thumb Code   156  system_s32k144.o(.text.SystemCoreClockUpdate)
    SystemInit                               0x00000a95   Thumb Code    64  system_s32k144.o(.text.SystemInit)
    WDOG_disable                             0x00000ad5   Thumb Code    32  tp.o(.text.WDOG_disable)
    delay_ms                                 0x00000af5   Thumb Code    52  tp.o(.text.delay_ms)
    fnd_fail                                 0x00000b29   Thumb Code   214  tp.o(.text.fnd_fail)
    fnd_sucess                               0x00000c01   Thumb Code   102  tp.o(.text.fnd_sucess)
    fnd_wait                                 0x00000c69   Thumb Code   214  tp.o(.text.fnd_wait)
    init_data_bss                            0x00000d41   Thumb Code    80  startup.o(.text.init_data_bss)
    main                                     0x00000d91   Thumb Code   410  tp.o(.text.main)
    use_uart                                 0x00000f2d   Thumb Code   492  tp.o(.text.use_uart)
    _fp_init                                 0x00001119   Thumb Code    26  fpinit.o(x$fpl$fpinit)
    __fplib_config_fpu_vfp                   0x00001131   Thumb Code     0  fpinit.o(x$fpl$fpinit)
    __fplib_config_pureend_doubles           0x00001131   Thumb Code     0  fpinit.o(x$fpl$fpinit)
    Region$$Table$$Base                      0x00001134   Number         0  anon$$obj.o(Region$$Table)
    Image$$ER_m_text$$Limit                  0x00001154   Number         0  anon$$obj.o ABSOLUTE
    Region$$Table$$Limit                     0x00001154   Number         0  anon$$obj.o(Region$$Table)
    Image$$VECTOR_RAM$$Base                  0x1fff8000   Number         0  anon$$obj.o ABSOLUTE
    FND_DATA                                 0x1fff8400   Data          40  tp.o(.data.FND_DATA)
    Image$$RW_m_data$$Base                   0x1fff8400   Number         0  anon$$obj.o ABSOLUTE
    FND_ENG                                  0x1fff8428   Data          52  tp.o(.data.FND_ENG)
    FND_SEL                                  0x1fff845c   Data          20  tp.o(.data.FND_SEL)
    SystemCoreClock                          0x1fff8470   Data           4  system_s32k144.o(.data.SystemCoreClock)
    money                                    0x1fff8474   Data           4  tp.o(.data.money)
    pw                                       0x1fff8478   Data           4  tp.o(.data.pw)
    Image$$RW_m_code$$Base                   0x1fff847c   Number         0  anon$$obj.o ABSOLUTE
    Image$$RW_m_code$$Limit                  0x1fff847c   Number         0  anon$$obj.o ABSOLUTE
    Image$$RW_m_data$$Limit                  0x1fff847c   Number         0  anon$$obj.o ABSOLUTE
    Dtime                                    0x20000000   Data           4  tp.o(.bss.Dtime)
    Image$$RW_m_custom_section$$Base         0x20000000   Number         0  anon$$obj.o ABSOLUTE
    Image$$RW_m_custom_section$$Limit        0x20000000   Number         0  anon$$obj.o ABSOLUTE
    Image$$RW_m_data_2$$ZI$$Base             0x20000000   Number         0  anon$$obj.o ABSOLUTE
    j                                        0x20000004   Data           4  tp.o(.bss.j)
    lpit0_ch0_flag_counter                   0x20000008   Data           4  tp.o(.bss.lpit0_ch0_flag_counter)
    mode                                     0x2000000c   Data           4  tp.o(.bss.mode)
    num0                                     0x20000010   Data           4  tp.o(.bss.num0)
    num1                                     0x20000014   Data           4  tp.o(.bss.num1)
    num2                                     0x20000018   Data           4  tp.o(.bss.num2)
    num3                                     0x2000001c   Data           4  tp.o(.bss.num3)
    num4                                     0x20000020   Data           4  tp.o(.bss.num4)
    number                                   0x20000024   Data           4  tp.o(.bss.number)
    pw1                                      0x20000028   Data           4  tp.o(.bss.pw1)
    pw2                                      0x2000002c   Data           4  tp.o(.bss.pw2)
    uart1                                    0x20000030   Data           4  tp.o(.bss.uart1)
    wait                                     0x20000034   Data           4  tp.o(.bss.wait)
    Image$$ARM_LIB_HEAP$$ZI$$Base            0x20000038   Number         0  anon$$obj.o ABSOLUTE
    Image$$RW_m_data_2$$ZI$$Limit            0x20000038   Number         0  anon$$obj.o ABSOLUTE
    Image$$ARM_LIB_HEAP$$ZI$$Limit           0x20000438   Number         0  anon$$obj.o ABSOLUTE
    Image$$ARM_LIB_STACK$$ZI$$Limit          0x20007000   Number         0  anon$$obj.o ABSOLUTE



==============================================================================

Memory Map of the image

  Image Entry point : 0x00000451

  Load Region LR_m_text (Base: 0x00000000, Size: 0x000011d0, Max: 0x0008f000, ABSOLUTE)

    Execution Region VECTOR_ROM (Exec base: 0x00000000, Load base: 0x00000000, Size: 0x00000230, Max: 0x00000400, ABSOLUTE)

    Exec Addr    Load Addr    Size         Type   Attr      Idx    E Section Name        Object

    0x00000000   0x00000000   0x00000230   Data   RO          114    RESET               startup_s32k144.o


    Execution Region ER_m_flash_config (Exec base: 0x00000400, Load base: 0x00000400, Size: 0x00000010, Max: 0x00000010, ABSOLUTE, FIXED)

    Exec Addr    Load Addr    Size         Type   Attr      Idx    E Section Name        Object

    0x00000400   0x00000400   0x00000010   Data   RO          115    FlashConfig         startup_s32k144.o


    Execution Region ER_m_text_const (Exec base: 0x00000410, Load base: 0x00000410, Size: 0x00000040, Max: 0xffffffff, ABSOLUTE)

    Exec Addr    Load Addr    Size         Type   Attr      Idx    E Section Name        Object

    0x00000410   0x00000410   0x0000003c   Data   RO           75    .rodata..L__const.fnd_sucess.FND_SUCDATA  tp.o
    0x0000044c   0x0000044c   0x00000003   Data   RO           76    .rodata.str1.1      tp.o


    Execution Region ER_m_text (Exec base: 0x00000450, Load base: 0x00000450, Size: 0x00000d04, Max: 0x0007fbf0, ABSOLUTE)

    Exec Addr    Load Addr    Size         Type   Attr      Idx    E Section Name        Object

    0x00000450   0x00000450   0x00000008   Code   RO          138  * !!!main             c_w.l(__main.o)
    0x00000458   0x00000458   0x00000034   Code   RO          314    !!!scatter          c_w.l(__scatter.o)
    0x0000048c   0x0000048c   0x0000001a   Code   RO          316    !!handler_copy      c_w.l(__scatter_copy.o)
    0x000004a6   0x000004a6   0x00000002   PAD
    0x000004a8   0x000004a8   0x0000001c   Code   RO          318    !!handler_zi        c_w.l(__scatter_zi.o)
    0x000004c4   0x000004c4   0x00000002   Code   RO          170    .ARM.Collect$$libinit$$00000000  c_w.l(libinit.o)
    0x000004c6   0x000004c6   0x00000004   Code   RO          180    .ARM.Collect$$libinit$$00000001  c_w.l(libinit2.o)
    0x000004ca   0x000004ca   0x00000000   Code   RO          183    .ARM.Collect$$libinit$$00000004  c_w.l(libinit2.o)
    0x000004ca   0x000004ca   0x00000000   Code   RO          186    .ARM.Collect$$libinit$$0000000A  c_w.l(libinit2.o)
    0x000004ca   0x000004ca   0x00000000   Code   RO          188    .ARM.Collect$$libinit$$0000000C  c_w.l(libinit2.o)
    0x000004ca   0x000004ca   0x00000000   Code   RO          190    .ARM.Collect$$libinit$$0000000E  c_w.l(libinit2.o)
    0x000004ca   0x000004ca   0x00000000   Code   RO          193    .ARM.Collect$$libinit$$00000011  c_w.l(libinit2.o)
    0x000004ca   0x000004ca   0x00000000   Code   RO          195    .ARM.Collect$$libinit$$00000013  c_w.l(libinit2.o)
    0x000004ca   0x000004ca   0x00000000   Code   RO          197    .ARM.Collect$$libinit$$00000015  c_w.l(libinit2.o)
    0x000004ca   0x000004ca   0x00000000   Code   RO          199    .ARM.Collect$$libinit$$00000017  c_w.l(libinit2.o)
    0x000004ca   0x000004ca   0x00000000   Code   RO          201    .ARM.Collect$$libinit$$00000019  c_w.l(libinit2.o)
    0x000004ca   0x000004ca   0x00000000   Code   RO          203    .ARM.Collect$$libinit$$0000001B  c_w.l(libinit2.o)
    0x000004ca   0x000004ca   0x00000000   Code   RO          205    .ARM.Collect$$libinit$$0000001D  c_w.l(libinit2.o)
    0x000004ca   0x000004ca   0x00000000   Code   RO          207    .ARM.Collect$$libinit$$0000001F  c_w.l(libinit2.o)
    0x000004ca   0x000004ca   0x00000000   Code   RO          209    .ARM.Collect$$libinit$$00000021  c_w.l(libinit2.o)
    0x000004ca   0x000004ca   0x00000000   Code   RO          211    .ARM.Collect$$libinit$$00000023  c_w.l(libinit2.o)
    0x000004ca   0x000004ca   0x00000000   Code   RO          213    .ARM.Collect$$libinit$$00000025  c_w.l(libinit2.o)
    0x000004ca   0x000004ca   0x00000000   Code   RO          217    .ARM.Collect$$libinit$$0000002C  c_w.l(libinit2.o)
    0x000004ca   0x000004ca   0x00000000   Code   RO          219    .ARM.Collect$$libinit$$0000002E  c_w.l(libinit2.o)
    0x000004ca   0x000004ca   0x00000000   Code   RO          221    .ARM.Collect$$libinit$$00000030  c_w.l(libinit2.o)
    0x000004ca   0x000004ca   0x00000000   Code   RO          223    .ARM.Collect$$libinit$$00000032  c_w.l(libinit2.o)
    0x000004ca   0x000004ca   0x00000002   Code   RO          224    .ARM.Collect$$libinit$$00000033  c_w.l(libinit2.o)
    0x000004cc   0x000004cc   0x00000002   Code   RO          253    .ARM.Collect$$libshutdown$$00000000  c_w.l(libshutdown.o)
    0x000004ce   0x000004ce   0x00000000   Code   RO          265    .ARM.Collect$$libshutdown$$00000002  c_w.l(libshutdown2.o)
    0x000004ce   0x000004ce   0x00000000   Code   RO          267    .ARM.Collect$$libshutdown$$00000004  c_w.l(libshutdown2.o)
    0x000004ce   0x000004ce   0x00000000   Code   RO          270    .ARM.Collect$$libshutdown$$00000007  c_w.l(libshutdown2.o)
    0x000004ce   0x000004ce   0x00000000   Code   RO          273    .ARM.Collect$$libshutdown$$0000000A  c_w.l(libshutdown2.o)
    0x000004ce   0x000004ce   0x00000000   Code   RO          275    .ARM.Collect$$libshutdown$$0000000C  c_w.l(libshutdown2.o)
    0x000004ce   0x000004ce   0x00000000   Code   RO          278    .ARM.Collect$$libshutdown$$0000000F  c_w.l(libshutdown2.o)
    0x000004ce   0x000004ce   0x00000002   Code   RO          279    .ARM.Collect$$libshutdown$$00000010  c_w.l(libshutdown2.o)
    0x000004d0   0x000004d0   0x00000000   Code   RO          140    .ARM.Collect$$rtentry$$00000000  c_w.l(__rtentry.o)
    0x000004d0   0x000004d0   0x00000000   Code   RO          142    .ARM.Collect$$rtentry$$00000002  c_w.l(__rtentry2.o)
    0x000004d0   0x000004d0   0x00000004   Code   RO          156    .ARM.Collect$$rtentry$$00000007  c_w.l(__rtentry7.o)
    0x000004d4   0x000004d4   0x00000000   Code   RO          144    .ARM.Collect$$rtentry$$00000009  c_w.l(__rtentry2.o)
    0x000004d4   0x000004d4   0x00000004   Code   RO          145    .ARM.Collect$$rtentry$$0000000A  c_w.l(__rtentry2.o)
    0x000004d8   0x000004d8   0x00000000   Code   RO          147    .ARM.Collect$$rtentry$$0000000C  c_w.l(__rtentry2.o)
    0x000004d8   0x000004d8   0x00000008   Code   RO          148    .ARM.Collect$$rtentry$$0000000D  c_w.l(__rtentry2.o)
    0x000004e0   0x000004e0   0x00000004   Code   RO          157    .ARM.Collect$$rtentry$$00002718  c_w.l(__rtentry7.o)
    0x000004e4   0x000004e4   0x00000002   Code   RO          178    .ARM.Collect$$rtexit$$00000000  c_w.l(rtexit.o)
    0x000004e6   0x000004e6   0x00000000   Code   RO          233    .ARM.Collect$$rtexit$$00000002  c_w.l(rtexit2.o)
    0x000004e6   0x000004e6   0x00000004   Code   RO          234    .ARM.Collect$$rtexit$$00000003  c_w.l(rtexit2.o)
    0x000004ea   0x000004ea   0x00000006   Code   RO          235    .ARM.Collect$$rtexit$$00000004  c_w.l(rtexit2.o)
    0x000004f0   0x000004f0   0x0000009c   Code   RO          113    .text               startup_s32k144.o
    0x0000058c   0x0000058c   0x00000012   Code   RO          163    .text               c_w.l(exit.o)
    0x0000059e   0x0000059e   0x00000002   Code   RO          229    .text               c_w.l(use_no_semi.o)
    0x000005a0   0x000005a0   0x00000000   Code   RO          231    .text               c_w.l(indicate_semi.o)
    0x000005a0   0x000005a0   0x0000000c   Code   RO          243    .text               c_w.l(sys_exit.o)
    0x000005ac   0x000005ac   0x0000019a   Code   RO           47    .text.FND_select    tp.o
    0x00000746   0x00000746   0x00000002   PAD
    0x00000748   0x00000748   0x00000038   Code   RO           21    .text.LPIT0_init    tp.o
    0x00000780   0x00000780   0x00000030   Code   RO           29    .text.LPUART0_init  tp.o
    0x000007b0   0x000007b0   0x00000030   Code   RO           87    .text.LPUART1_init  lpuart.o
    0x000007e0   0x000007e0   0x0000001c   Code   RO           95    .text.LPUART1_receive_and_echo_char  lpuart.o
    0x000007fc   0x000007fc   0x00000014   Code   RO           93    .text.LPUART1_receive_char  lpuart.o
    0x00000810   0x00000810   0x00000012   Code   RO           89    .text.LPUART1_transmit_char  lpuart.o
    0x00000822   0x00000822   0x00000002   PAD
    0x00000824   0x00000824   0x0000002a   Code   RO           25    .text.NVIC_init_IRQs  tp.o
    0x0000084e   0x0000084e   0x00000002   PAD
    0x00000850   0x00000850   0x00000026   Code   RO            8    .text.NormalRUNmode_80MHz  clocks_and_modes.o
    0x00000876   0x00000876   0x00000002   PAD
    0x00000878   0x00000878   0x00000062   Code   RO           27    .text.PORTC_IRQHandler  tp.o
    0x000008da   0x000008da   0x00000002   PAD
    0x000008dc   0x000008dc   0x000000b4   Code   RO           17    .text.PORT_init     tp.o
    0x00000990   0x00000990   0x00000028   Code   RO            4    .text.SOSC_init_8MHz  clocks_and_modes.o
    0x000009b8   0x000009b8   0x00000040   Code   RO            6    .text.SPLL_init_160MHz  clocks_and_modes.o
    0x000009f8   0x000009f8   0x0000009c   Code   RO          124    .text.SystemCoreClockUpdate  system_s32k144.o
    0x00000a94   0x00000a94   0x00000040   Code   RO          122    .text.SystemInit    system_s32k144.o
    0x00000ad4   0x00000ad4   0x00000020   Code   RO           19    .text.WDOG_disable  tp.o
    0x00000af4   0x00000af4   0x00000034   Code   RO           23    .text.delay_ms      tp.o
    0x00000b28   0x00000b28   0x000000d6   Code   RO           37    .text.fnd_fail      tp.o
    0x00000bfe   0x00000bfe   0x00000002   PAD
    0x00000c00   0x00000c00   0x00000066   Code   RO           45    .text.fnd_sucess    tp.o
    0x00000c66   0x00000c66   0x00000002   PAD
    0x00000c68   0x00000c68   0x000000d6   Code   RO           43    .text.fnd_wait      tp.o
    0x00000d3e   0x00000d3e   0x00000002   PAD
    0x00000d40   0x00000d40   0x00000050   Code   RO          105    .text.init_data_bss  startup.o
    0x00000d90   0x00000d90   0x0000019a   Code   RO           51    .text.main          tp.o
    0x00000f2a   0x00000f2a   0x00000002   PAD
    0x00000f2c   0x00000f2c   0x000001ec   Code   RO           49    .text.use_uart      tp.o
    0x00001118   0x00001118   0x0000001a   Code   RO          241    x$fpl$fpinit        fz_wm.l(fpinit.o)
    0x00001132   0x00001132   0x00000002   PAD
    0x00001134   0x00001134   0x00000020   Data   RO          313    Region$$Table       anon$$obj.o


    Execution Region VECTOR_RAM (Exec base: 0x1fff8000, Load base: 0x00000230, Size: 0x00000000, Max: 0x00000400, ABSOLUTE)

    **** No section assigned to this execution region ****


    Execution Region RW_m_data (Exec base: 0x1fff8400, Load base: 0x00001154, Size: 0x0000007c, Max: 0xffffffff, ABSOLUTE)

    Exec Addr    Load Addr    Size         Type   Attr      Idx    E Section Name        Object

    0x1fff8400   0x00001154   0x00000028   Data   RW           53    .data.FND_DATA      tp.o
    0x1fff8428   0x0000117c   0x00000034   Data   RW           55    .data.FND_ENG       tp.o
    0x1fff845c   0x000011b0   0x00000014   Data   RW           54    .data.FND_SEL       tp.o
    0x1fff8470   0x000011c4   0x00000004   Data   RW          128    .data.SystemCoreClock  system_s32k144.o
    0x1fff8474   0x000011c8   0x00000004   Data   RW           72    .data.money         tp.o
    0x1fff8478   0x000011cc   0x00000004   Data   RW           68    .data.pw            tp.o


    Execution Region RW_m_code (Exec base: 0x1fff847c, Load base: 0x000011d0, Size: 0x00000000, Max: 0x00007c00, ABSOLUTE)

    **** No section assigned to this execution region ****


    Execution Region RW_m_custom_section (Exec base: 0x20000000, Load base: 0x000011d0, Size: 0x00000000, Max: 0xffffffff, ABSOLUTE)

    **** No section assigned to this execution region ****


    Execution Region RW_m_data_2 (Exec base: 0x20000000, Load base: 0x000011d0, Size: 0x00000038, Max: 0x00006800, ABSOLUTE)

    Exec Addr    Load Addr    Size         Type   Attr      Idx    E Section Name        Object

    0x20000000        -       0x00000004   Zero   RW           61    .bss.Dtime          tp.o
    0x20000004        -       0x00000004   Zero   RW           65    .bss.j              tp.o
    0x20000008        -       0x00000004   Zero   RW           66    .bss.lpit0_ch0_flag_counter  tp.o
    0x2000000c        -       0x00000004   Zero   RW           67    .bss.mode           tp.o
    0x20000010        -       0x00000004   Zero   RW           57    .bss.num0           tp.o
    0x20000014        -       0x00000004   Zero   RW           58    .bss.num1           tp.o
    0x20000018        -       0x00000004   Zero   RW           59    .bss.num2           tp.o
    0x2000001c        -       0x00000004   Zero   RW           60    .bss.num3           tp.o
    0x20000020        -       0x00000004   Zero   RW           74    .bss.num4           tp.o
    0x20000024        -       0x00000004   Zero   RW           71    .bss.number         tp.o
    0x20000028        -       0x00000004   Zero   RW           69    .bss.pw1            tp.o
    0x2000002c        -       0x00000004   Zero   RW           70    .bss.pw2            tp.o
    0x20000030        -       0x00000004   Zero   RW           62    .bss.uart1          tp.o
    0x20000034        -       0x00000004   Zero   RW           73    .bss.wait           tp.o


    Execution Region ARM_LIB_HEAP (Exec base: 0x20000038, Load base: 0x000011d0, Size: 0x00000400, Max: 0x00000400, ABSOLUTE)

    Exec Addr    Load Addr    Size         Type   Attr      Idx    E Section Name        Object

    0x20000038        -       0x00000400   Zero   RW            1    ARM_LIB_HEAP.bss    anon$$obj.o


    Execution Region ARM_LIB_STACK (Exec base: 0x20006c00, Load base: 0x000011d0, Size: 0x00000400, Max: 0x00000400, ABSOLUTE)

    Exec Addr    Load Addr    Size         Type   Attr      Idx    E Section Name        Object

    0x20006c00        -       0x00000400   Zero   RW            2    ARM_LIB_STACK.bss   anon$$obj.o


==============================================================================

Image component sizes


      Code (inc. data)   RO Data    RW Data    ZI Data      Debug   Object Name

       142          0          0          0          0       1600   clocks_and_modes.o
       114          0          0          0          0       1736   lpuart.o
        80          0          0          0          0       1076   startup.o
       156        106        576          0          0        904   startup_s32k144.o
       220          6          0          4          0       2940   system_s32k144.o
      2350        144         63        120         56       6921   tp.o

    ----------------------------------------------------------------------
      3080        256        672        124       2104      15177   Object Totals
         0          0         32          0       2048          0   (incl. Generated)
        18          0          1          0          0          0   (incl. Padding)

    ----------------------------------------------------------------------

      Code (inc. data)   RO Data    RW Data    ZI Data      Debug   Library Member Name

         8          0          0          0          0         68   __main.o
         0          0          0          0          0          0   __rtentry.o
        12          0          0          0          0          0   __rtentry2.o
         8          4          0          0          0          0   __rtentry7.o
        52          8          0          0          0          0   __scatter.o
        26          0          0          0          0          0   __scatter_copy.o
        28          0          0          0          0          0   __scatter_zi.o
        18          0          0          0          0         80   exit.o
         0          0          0          0          0          0   indicate_semi.o
         2          0          0          0          0          0   libinit.o
         6          0          0          0          0          0   libinit2.o
         2          0          0          0          0          0   libshutdown.o
         2          0          0          0          0          0   libshutdown2.o
         2          0          0          0          0          0   rtexit.o
        10          0          0          0          0          0   rtexit2.o
        12          4          0          0          0         68   sys_exit.o
         2          0          0          0          0         68   use_no_semi.o
        26          0          0          0          0        116   fpinit.o

    ----------------------------------------------------------------------
       220         16          0          0          0        400   Library Totals
         4          0          0          0          0          0   (incl. Padding)

    ----------------------------------------------------------------------

      Code (inc. data)   RO Data    RW Data    ZI Data      Debug   Library Name

       190         16          0          0          0        284   c_w.l
        26          0          0          0          0        116   fz_wm.l

    ----------------------------------------------------------------------
       220         16          0          0          0        400   Library Totals

    ----------------------------------------------------------------------

==============================================================================


      Code (inc. data)   RO Data    RW Data    ZI Data      Debug   

      3300        272        672        124       2104      15513   Grand Totals
      3300        272        672        124       2104      15513   ELF Image Totals
      3300        272        672        124          0          0   ROM Totals

==============================================================================

    Total RO  Size (Code + RO Data)                 3972 (   3.88kB)
    Total RW  Size (RW Data + ZI Data)              2228 (   2.18kB)
    Total ROM Size (Code + RO Data + RW Data)       4096 (   4.00kB)

==============================================================================

